Archive member included because of file (symbol)

..\..\..\..\..\..\..\Program Files (x86)\GNU Tools ARM Embedded\4.8 2013q4\arm-none-eabi\lib\armv7e-m\fpu\libg.a(lib_a-malloc.o)
                              ..\obj\heap_3.o (malloc)
..\..\..\..\..\..\..\Program Files (x86)\GNU Tools ARM Embedded\4.8 2013q4\arm-none-eabi\lib\armv7e-m\fpu\libg.a(lib_a-mallocr.o)
                              ..\..\..\..\..\..\..\Program Files (x86)\GNU Tools ARM Embedded\4.8 2013q4\arm-none-eabi\lib\armv7e-m\fpu\libg.a(lib_a-malloc.o) (_malloc_r)
..\..\..\..\..\..\..\Program Files (x86)\GNU Tools ARM Embedded\4.8 2013q4\arm-none-eabi\lib\armv7e-m\fpu\libg.a(lib_a-memcpy.o)
                              ..\obj\queue.o (memcpy)
..\..\..\..\..\..\..\Program Files (x86)\GNU Tools ARM Embedded\4.8 2013q4\arm-none-eabi\lib\armv7e-m\fpu\libg.a(lib_a-memset.o)
                              ..\obj\tasks.o (memset)
..\..\..\..\..\..\..\Program Files (x86)\GNU Tools ARM Embedded\4.8 2013q4\arm-none-eabi\lib\armv7e-m\fpu\libg.a(lib_a-mlock.o)
                              ..\..\..\..\..\..\..\Program Files (x86)\GNU Tools ARM Embedded\4.8 2013q4\arm-none-eabi\lib\armv7e-m\fpu\libg.a(lib_a-mallocr.o) (__malloc_lock)
..\..\..\..\..\..\..\Program Files (x86)\GNU Tools ARM Embedded\4.8 2013q4\arm-none-eabi\lib\armv7e-m\fpu\libg.a(lib_a-sbrkr.o)
                              ..\..\..\..\..\..\..\Program Files (x86)\GNU Tools ARM Embedded\4.8 2013q4\arm-none-eabi\lib\armv7e-m\fpu\libg.a(lib_a-mallocr.o) (_sbrk_r)
..\..\..\..\..\..\..\Program Files (x86)\GNU Tools ARM Embedded\4.8 2013q4\arm-none-eabi\lib\armv7e-m\fpu\libg.a(lib_a-strlen.o)
                              ..\obj\main.o (strlen)
..\..\..\..\..\..\..\Program Files (x86)\GNU Tools ARM Embedded\4.8 2013q4\arm-none-eabi\lib\armv7e-m\fpu\libg.a(lib_a-freer.o)
                              ..\..\..\..\..\..\..\Program Files (x86)\GNU Tools ARM Embedded\4.8 2013q4\arm-none-eabi\lib\armv7e-m\fpu\libg.a(lib_a-malloc.o) (_free_r)
..\..\..\..\..\..\..\Program Files (x86)\GNU Tools ARM Embedded\4.8 2013q4\arm-none-eabi\lib\armv7e-m\fpu\libg.a(lib_a-reent.o)
                              ..\..\..\..\..\..\..\Program Files (x86)\GNU Tools ARM Embedded\4.8 2013q4\arm-none-eabi\lib\armv7e-m\fpu\libg.a(lib_a-sbrkr.o) (errno)
c:/program files (x86)/gnu tools arm embedded/4.8 2013q4/bin/../lib/gcc/arm-none-eabi/4.8.3/armv7e-m/fpu\libgcc.a(_arm_addsubdf3.o)
                              ..\obj\main.o (__aeabi_dadd)
c:/program files (x86)/gnu tools arm embedded/4.8 2013q4/bin/../lib/gcc/arm-none-eabi/4.8.3/armv7e-m/fpu\libgcc.a(_arm_muldivdf3.o)
                              ..\obj\main.o (__aeabi_dmul)
c:/program files (x86)/gnu tools arm embedded/4.8 2013q4/bin/../lib/gcc/arm-none-eabi/4.8.3/armv7e-m/fpu\libgcc.a(_arm_fixunsdfsi.o)
                              ..\obj\main.o (__aeabi_d2uiz)

Allocating common symbols
Common symbol       size              file

errno               0x4               ..\..\..\..\..\..\..\Program Files (x86)\GNU Tools ARM Embedded\4.8 2013q4\arm-none-eabi\lib\armv7e-m\fpu\libg.a(lib_a-reent.o)
xQueueRegistry      0x40              ..\obj\queue.o

Discarded input sections

 .text          0x00000000        0x0 ..\obj\stm32f4xx_dac.o
 .data          0x00000000        0x0 ..\obj\stm32f4xx_dac.o
 .bss           0x00000000        0x0 ..\obj\stm32f4xx_dac.o
 .text.DAC_DeInit
                0x00000000       0x1c ..\obj\stm32f4xx_dac.o
 .text.DAC_StructInit
                0x00000000       0x2c ..\obj\stm32f4xx_dac.o
 .text.DAC_SoftwareTriggerCmd
                0x00000000       0x4c ..\obj\stm32f4xx_dac.o
 .text.DAC_DualSoftwareTriggerCmd
                0x00000000       0x38 ..\obj\stm32f4xx_dac.o
 .text.DAC_WaveGenerationCmd
                0x00000000       0x4c ..\obj\stm32f4xx_dac.o
 .text.DAC_SetChannel1Data
                0x00000000       0x34 ..\obj\stm32f4xx_dac.o
 .text.DAC_SetDualChannelData
                0x00000000       0x58 ..\obj\stm32f4xx_dac.o
 .text.DAC_GetDataOutputValue
                0x00000000       0x34 ..\obj\stm32f4xx_dac.o
 .text.DAC_DMACmd
                0x00000000       0x4c ..\obj\stm32f4xx_dac.o
 .text.DAC_ITConfig
                0x00000000       0x4c ..\obj\stm32f4xx_dac.o
 .text.DAC_GetFlagStatus
                0x00000000       0x3c ..\obj\stm32f4xx_dac.o
 .text.DAC_ClearFlag
                0x00000000       0x24 ..\obj\stm32f4xx_dac.o
 .text.DAC_GetITStatus
                0x00000000       0x58 ..\obj\stm32f4xx_dac.o
 .text.DAC_ClearITPendingBit
                0x00000000       0x24 ..\obj\stm32f4xx_dac.o
 .text          0x00000000        0x0 ..\obj\startup_stm32f4xx.o
 .data          0x00000000        0x0 ..\obj\startup_stm32f4xx.o
 .bss           0x00000000        0x0 ..\obj\startup_stm32f4xx.o
 .text          0x00000000        0x0 ..\obj\main.o
 .data          0x00000000        0x0 ..\obj\main.o
 .text.readGPIOpin
                0x00000000       0x28 ..\obj\main.o
 .text          0x00000000        0x0 ..\obj\stm32f4xx_rcc.o
 .data          0x00000000       0x10 ..\obj\stm32f4xx_rcc.o
 .bss           0x00000000        0x0 ..\obj\stm32f4xx_rcc.o
 .text.RCC_DeInit
                0x00000000       0x50 ..\obj\stm32f4xx_rcc.o
 .text.RCC_HSEConfig
                0x00000000       0x24 ..\obj\stm32f4xx_rcc.o
 .text.RCC_WaitForHSEStartUp
                0x00000000       0x50 ..\obj\stm32f4xx_rcc.o
 .text.RCC_AdjustHSICalibrationValue
                0x00000000       0x3c ..\obj\stm32f4xx_rcc.o
 .text.RCC_HSICmd
                0x00000000       0x20 ..\obj\stm32f4xx_rcc.o
 .text.RCC_LSEConfig
                0x00000000       0x40 ..\obj\stm32f4xx_rcc.o
 .text.RCC_LSICmd
                0x00000000       0x20 ..\obj\stm32f4xx_rcc.o
 .text.RCC_PLLConfig
                0x00000000       0x3c ..\obj\stm32f4xx_rcc.o
 .text.RCC_PLLCmd
                0x00000000       0x20 ..\obj\stm32f4xx_rcc.o
 .text.RCC_PLLI2SConfig
                0x00000000       0x28 ..\obj\stm32f4xx_rcc.o
 .text.RCC_PLLI2SCmd
                0x00000000       0x20 ..\obj\stm32f4xx_rcc.o
 .text.RCC_ClockSecuritySystemCmd
                0x00000000       0x20 ..\obj\stm32f4xx_rcc.o
 .text.RCC_MCO1Config
                0x00000000       0x3c ..\obj\stm32f4xx_rcc.o
 .text.RCC_MCO2Config
                0x00000000       0x3c ..\obj\stm32f4xx_rcc.o
 .text.RCC_SYSCLKConfig
                0x00000000       0x38 ..\obj\stm32f4xx_rcc.o
 .text.RCC_GetSYSCLKSource
                0x00000000       0x20 ..\obj\stm32f4xx_rcc.o
 .text.RCC_HCLKConfig
                0x00000000       0x38 ..\obj\stm32f4xx_rcc.o
 .text.RCC_PCLK1Config
                0x00000000       0x38 ..\obj\stm32f4xx_rcc.o
 .text.RCC_PCLK2Config
                0x00000000       0x38 ..\obj\stm32f4xx_rcc.o
 .text.RCC_GetClocksFreq
                0x00000000      0x154 ..\obj\stm32f4xx_rcc.o
 .text.RCC_RTCCLKConfig
                0x00000000       0x5c ..\obj\stm32f4xx_rcc.o
 .text.RCC_RTCCLKCmd
                0x00000000       0x20 ..\obj\stm32f4xx_rcc.o
 .text.RCC_BackupResetCmd
                0x00000000       0x20 ..\obj\stm32f4xx_rcc.o
 .text.RCC_I2SCLKConfig
                0x00000000       0x1c ..\obj\stm32f4xx_rcc.o
 .text.RCC_AHB2PeriphClockCmd
                0x00000000       0x3c ..\obj\stm32f4xx_rcc.o
 .text.RCC_AHB3PeriphClockCmd
                0x00000000       0x3c ..\obj\stm32f4xx_rcc.o
 .text.RCC_APB2PeriphClockCmd
                0x00000000       0x3c ..\obj\stm32f4xx_rcc.o
 .text.RCC_AHB1PeriphResetCmd
                0x00000000       0x3c ..\obj\stm32f4xx_rcc.o
 .text.RCC_AHB2PeriphResetCmd
                0x00000000       0x3c ..\obj\stm32f4xx_rcc.o
 .text.RCC_AHB3PeriphResetCmd
                0x00000000       0x3c ..\obj\stm32f4xx_rcc.o
 .text.RCC_APB1PeriphResetCmd
                0x00000000       0x3c ..\obj\stm32f4xx_rcc.o
 .text.RCC_APB2PeriphResetCmd
                0x00000000       0x3c ..\obj\stm32f4xx_rcc.o
 .text.RCC_AHB1PeriphClockLPModeCmd
                0x00000000       0x3c ..\obj\stm32f4xx_rcc.o
 .text.RCC_AHB2PeriphClockLPModeCmd
                0x00000000       0x3c ..\obj\stm32f4xx_rcc.o
 .text.RCC_AHB3PeriphClockLPModeCmd
                0x00000000       0x3c ..\obj\stm32f4xx_rcc.o
 .text.RCC_APB1PeriphClockLPModeCmd
                0x00000000       0x3c ..\obj\stm32f4xx_rcc.o
 .text.RCC_APB2PeriphClockLPModeCmd
                0x00000000       0x3c ..\obj\stm32f4xx_rcc.o
 .text.RCC_ITConfig
                0x00000000       0x48 ..\obj\stm32f4xx_rcc.o
 .text.RCC_GetFlagStatus
                0x00000000       0x74 ..\obj\stm32f4xx_rcc.o
 .text.RCC_ClearFlag
                0x00000000       0x1c ..\obj\stm32f4xx_rcc.o
 .text.RCC_GetITStatus
                0x00000000       0x38 ..\obj\stm32f4xx_rcc.o
 .text.RCC_ClearITPendingBit
                0x00000000       0x20 ..\obj\stm32f4xx_rcc.o
 .text          0x00000000        0x0 ..\obj\timers.o
 .data          0x00000000        0x0 ..\obj\timers.o
 .text.xTimerCreate
                0x00000000       0x6c ..\obj\timers.o
 .text.xTimerIsTimerActive
                0x00000000       0x30 ..\obj\timers.o
 .text.pvTimerGetTimerID
                0x00000000       0x1c ..\obj\timers.o
 .text          0x00000000        0x0 ..\obj\printf.o
 .bss           0x00000000        0x0 ..\obj\printf.o
 .text.PrintChar
                0x00000000       0x14 ..\obj\printf.o
 .text.snprintf
                0x00000000       0x30 ..\obj\printf.o
 .rodata        0x00000000       0x24 ..\obj\printf.o
 .text.vfprintf
                0x00000000       0x68 ..\obj\printf.o
 .text.vprintf  0x00000000       0x28 ..\obj\printf.o
 .text.fprintf  0x00000000       0x2c ..\obj\printf.o
 .text.printf   0x00000000       0x28 ..\obj\printf.o
 .text.puts     0x00000000       0x24 ..\obj\printf.o
 .text.fputc    0x00000000       0x40 ..\obj\printf.o
 .text.fputs    0x00000000       0x48 ..\obj\printf.o
 .text          0x00000000        0x0 ..\obj\hd44780.o
 .data          0x00000000        0x0 ..\obj\hd44780.o
 .bss           0x00000000        0x0 ..\obj\hd44780.o
 .text          0x00000000        0x0 ..\obj\tasks.o
 .text.vTaskDelete
                0x00000000       0xa4 ..\obj\tasks.o
 .text.vTaskDelayUntil
                0x00000000       0xc0 ..\obj\tasks.o
 .text.uxTaskPriorityGet
                0x00000000       0x34 ..\obj\tasks.o
 .text.vTaskPrioritySet
                0x00000000      0x124 ..\obj\tasks.o
 .text.vTaskSuspend
                0x00000000       0xb0 ..\obj\tasks.o
 .text.prvTaskIsTaskSuspended
                0x00000000       0x64 ..\obj\tasks.o
 .text.vTaskResume
                0x00000000       0x9c ..\obj\tasks.o
 .text.xTaskResumeFromISR
                0x00000000       0xb8 ..\obj\tasks.o
 .text.vTaskEndScheduler
                0x00000000       0x18 ..\obj\tasks.o
 .text.xTaskGetTickCountFromISR
                0x00000000       0x2c ..\obj\tasks.o
 .text.uxTaskGetNumberOfTasks
                0x00000000       0x18 ..\obj\tasks.o
 .text.uxTaskGetSystemState
                0x00000000       0xf8 ..\obj\tasks.o
 .text.vTaskPlaceOnUnorderedEventList
                0x00000000       0x8c ..\obj\tasks.o
 .text.xTaskRemoveFromUnorderedEventList
                0x00000000       0xb0 ..\obj\tasks.o
 .text.uxTaskGetTaskNumber
                0x00000000       0x2c ..\obj\tasks.o
 .text.vTaskSetTaskNumber
                0x00000000       0x24 ..\obj\tasks.o
 .text.prvListTaskWithinSingleList
                0x00000000      0x118 ..\obj\tasks.o
 .text.prvTaskCheckFreeStackSpace
                0x00000000       0x38 ..\obj\tasks.o
 .text.uxTaskResetEventItemValue
                0x00000000       0x30 ..\obj\tasks.o
 .text          0x00000000        0x0 ..\obj\stm32f4xx_gpio.o
 .data          0x00000000        0x0 ..\obj\stm32f4xx_gpio.o
 .bss           0x00000000        0x0 ..\obj\stm32f4xx_gpio.o
 .text.GPIO_DeInit
                0x00000000      0x120 ..\obj\stm32f4xx_gpio.o
 .text.GPIO_StructInit
                0x00000000       0x34 ..\obj\stm32f4xx_gpio.o
 .text.GPIO_PinLockConfig
                0x00000000       0x44 ..\obj\stm32f4xx_gpio.o
 .text.GPIO_ReadInputDataBit
                0x00000000       0x34 ..\obj\stm32f4xx_gpio.o
 .text.GPIO_ReadInputData
                0x00000000       0x1c ..\obj\stm32f4xx_gpio.o
 .text.GPIO_ReadOutputDataBit
                0x00000000       0x34 ..\obj\stm32f4xx_gpio.o
 .text.GPIO_ReadOutputData
                0x00000000       0x1c ..\obj\stm32f4xx_gpio.o
 .text.GPIO_WriteBit
                0x00000000       0x30 ..\obj\stm32f4xx_gpio.o
 .text.GPIO_Write
                0x00000000       0x1c ..\obj\stm32f4xx_gpio.o
 .text.GPIO_ToggleBits
                0x00000000       0x24 ..\obj\stm32f4xx_gpio.o
 .text.GPIO_PinAFConfig
                0x00000000       0x8c ..\obj\stm32f4xx_gpio.o
 .text          0x00000000        0x0 ..\obj\list.o
 .data          0x00000000        0x0 ..\obj\list.o
 .bss           0x00000000        0x0 ..\obj\list.o
 .text          0x00000000        0x0 ..\obj\system_stm32f4xx.o
 .data          0x00000000       0x14 ..\obj\system_stm32f4xx.o
 .bss           0x00000000        0x0 ..\obj\system_stm32f4xx.o
 .text.SystemInit
                0x00000000       0x68 ..\obj\system_stm32f4xx.o
 .text.SystemCoreClockUpdate
                0x00000000       0xf8 ..\obj\system_stm32f4xx.o
 .text.SetSysClock
                0x00000000       0xf4 ..\obj\system_stm32f4xx.o
 .debug_info    0x00000000      0x566 ..\obj\system_stm32f4xx.o
 .debug_abbrev  0x00000000      0x136 ..\obj\system_stm32f4xx.o
 .debug_aranges
                0x00000000       0x30 ..\obj\system_stm32f4xx.o
 .debug_ranges  0x00000000       0x20 ..\obj\system_stm32f4xx.o
 .debug_line    0x00000000      0x19e ..\obj\system_stm32f4xx.o
 .debug_str     0x00000000      0x3b5 ..\obj\system_stm32f4xx.o
 .comment       0x00000000       0x71 ..\obj\system_stm32f4xx.o
 .ARM.attributes
                0x00000000       0x39 ..\obj\system_stm32f4xx.o
 .debug_frame   0x00000000       0x64 ..\obj\system_stm32f4xx.o
 .text          0x00000000        0x0 ..\obj\syscalls.o
 .data          0x00000000        0x0 ..\obj\syscalls.o
 .text.link     0x00000000       0x1c ..\obj\syscalls.o
 .text._close   0x00000000       0x18 ..\obj\syscalls.o
 .text._fstat   0x00000000       0x20 ..\obj\syscalls.o
 .text._isatty  0x00000000       0x18 ..\obj\syscalls.o
 .text._lseek   0x00000000       0x1c ..\obj\syscalls.o
 .text._read    0x00000000       0x1c ..\obj\syscalls.o
 .text._write   0x00000000       0x1c ..\obj\syscalls.o
 .text.abort    0x00000000        0x8 ..\obj\syscalls.o
 .text          0x00000000        0x0 ..\obj\port.o
 .rodata        0x00000000        0x4 ..\obj\port.o
 .text.vPortEndScheduler
                0x00000000       0x1c ..\obj\port.o
 .text          0x00000000        0x0 ..\obj\queue.o
 .data          0x00000000        0x0 ..\obj\queue.o
 .bss           0x00000000        0x0 ..\obj\queue.o
 .text.xQueueCreateMutex
                0x00000000       0x90 ..\obj\queue.o
 .text.xQueueGiveMutexRecursive
                0x00000000       0x58 ..\obj\queue.o
 .text.xQueueTakeMutexRecursive
                0x00000000       0x60 ..\obj\queue.o
 .text.xQueueCreateCountingSemaphore
                0x00000000       0x54 ..\obj\queue.o
 .text.xQueueReceiveFromISR
                0x00000000       0xb4 ..\obj\queue.o
 .text.xQueuePeekFromISR
                0x00000000       0x78 ..\obj\queue.o
 .text.uxQueueMessagesWaiting
                0x00000000       0x2c ..\obj\queue.o
 .text.uxQueueSpacesAvailable
                0x00000000       0x38 ..\obj\queue.o
 .text.uxQueueMessagesWaitingFromISR
                0x00000000       0x24 ..\obj\queue.o
 .text.vQueueDelete
                0x00000000       0x3c ..\obj\queue.o
 .text.uxQueueGetQueueNumber
                0x00000000       0x18 ..\obj\queue.o
 .text.vQueueSetQueueNumber
                0x00000000       0x1c ..\obj\queue.o
 .text.ucQueueGetQueueType
                0x00000000       0x1c ..\obj\queue.o
 .text.xQueueIsQueueEmptyFromISR
                0x00000000       0x30 ..\obj\queue.o
 .text.xQueueIsQueueFullFromISR
                0x00000000       0x34 ..\obj\queue.o
 .text.vQueueUnregisterQueue
                0x00000000       0x44 ..\obj\queue.o
 .text          0x00000000        0x0 ..\obj\croutine.o
 .data          0x00000000        0x0 ..\obj\croutine.o
 .bss           0x00000000       0x80 ..\obj\croutine.o
 .text.xCoRoutineCreate
                0x00000000       0xcc ..\obj\croutine.o
 .text.vCoRoutineAddToDelayedList
                0x00000000       0x84 ..\obj\croutine.o
 .text.prvCheckPendingReadyList
                0x00000000       0x78 ..\obj\croutine.o
 .text.prvCheckDelayedList
                0x00000000       0xf8 ..\obj\croutine.o
 .text.vCoRoutineSchedule
                0x00000000       0xa0 ..\obj\croutine.o
 .text.prvInitialiseCoRoutineLists
                0x00000000       0x68 ..\obj\croutine.o
 .text.xCoRoutineRemoveFromEventList
                0x00000000       0x50 ..\obj\croutine.o
 .debug_info    0x00000000      0x4c0 ..\obj\croutine.o
 .debug_abbrev  0x00000000      0x196 ..\obj\croutine.o
 .debug_aranges
                0x00000000       0x50 ..\obj\croutine.o
 .debug_ranges  0x00000000       0x40 ..\obj\croutine.o
 .debug_line    0x00000000      0x2f1 ..\obj\croutine.o
 .debug_str     0x00000000      0x4fc ..\obj\croutine.o
 .comment       0x00000000       0x71 ..\obj\croutine.o
 .ARM.attributes
                0x00000000       0x39 ..\obj\croutine.o
 .debug_frame   0x00000000       0xf0 ..\obj\croutine.o
 .text          0x00000000        0x0 ..\obj\event_groups.o
 .data          0x00000000        0x0 ..\obj\event_groups.o
 .bss           0x00000000        0x0 ..\obj\event_groups.o
 .text.xEventGroupCreate
                0x00000000       0x30 ..\obj\event_groups.o
 .text.xEventGroupSync
                0x00000000      0x11c ..\obj\event_groups.o
 .text.xEventGroupWaitBits
                0x00000000      0x140 ..\obj\event_groups.o
 .text.xEventGroupClearBits
                0x00000000       0x44 ..\obj\event_groups.o
 .text.xEventGroupClearBitsFromISR
                0x00000000       0x48 ..\obj\event_groups.o
 .text.xEventGroupSetBits
                0x00000000       0xec ..\obj\event_groups.o
 .text.vEventGroupDelete
                0x00000000       0x50 ..\obj\event_groups.o
 .text.vEventGroupSetBitsCallback
                0x00000000       0x18 ..\obj\event_groups.o
 .text.prvTestWaitCondition
                0x00000000       0x44 ..\obj\event_groups.o
 .text.uxEventGroupGetNumber
                0x00000000       0x2c ..\obj\event_groups.o
 .debug_info    0x00000000      0x649 ..\obj\event_groups.o
 .debug_abbrev  0x00000000      0x14f ..\obj\event_groups.o
 .debug_aranges
                0x00000000       0x68 ..\obj\event_groups.o
 .debug_ranges  0x00000000       0x58 ..\obj\event_groups.o
 .debug_line    0x00000000      0x38f ..\obj\event_groups.o
 .debug_str     0x00000000      0x501 ..\obj\event_groups.o
 .comment       0x00000000       0x71 ..\obj\event_groups.o
 .ARM.attributes
                0x00000000       0x39 ..\obj\event_groups.o
 .debug_frame   0x00000000      0x148 ..\obj\event_groups.o
 .text          0x00000000        0x0 ..\obj\stm32f4xx_tim.o
 .data          0x00000000        0x0 ..\obj\stm32f4xx_tim.o
 .bss           0x00000000        0x0 ..\obj\stm32f4xx_tim.o
 .text.TIM_DeInit
                0x00000000      0x1bc ..\obj\stm32f4xx_tim.o
 .text.TIM_TimeBaseInit
                0x00000000       0xd4 ..\obj\stm32f4xx_tim.o
 .text.TIM_TimeBaseStructInit
                0x00000000       0x34 ..\obj\stm32f4xx_tim.o
 .text.TIM_PrescalerConfig
                0x00000000       0x28 ..\obj\stm32f4xx_tim.o
 .text.TIM_CounterModeConfig
                0x00000000       0x38 ..\obj\stm32f4xx_tim.o
 .text.TIM_SetCounter
                0x00000000       0x1c ..\obj\stm32f4xx_tim.o
 .text.TIM_SetAutoreload
                0x00000000       0x1c ..\obj\stm32f4xx_tim.o
 .text.TIM_GetCounter
                0x00000000       0x18 ..\obj\stm32f4xx_tim.o
 .text.TIM_GetPrescaler
                0x00000000       0x1c ..\obj\stm32f4xx_tim.o
 .text.TIM_UpdateDisableConfig
                0x00000000       0x40 ..\obj\stm32f4xx_tim.o
 .text.TIM_UpdateRequestConfig
                0x00000000       0x40 ..\obj\stm32f4xx_tim.o
 .text.TIM_ARRPreloadConfig
                0x00000000       0x40 ..\obj\stm32f4xx_tim.o
 .text.TIM_SelectOnePulseMode
                0x00000000       0x38 ..\obj\stm32f4xx_tim.o
 .text.TIM_SetClockDivision
                0x00000000       0x38 ..\obj\stm32f4xx_tim.o
 .text.TIM_Cmd  0x00000000       0x40 ..\obj\stm32f4xx_tim.o
 .text.TIM_OC1Init
                0x00000000       0xf4 ..\obj\stm32f4xx_tim.o
 .text.TIM_OC2Init
                0x00000000      0x110 ..\obj\stm32f4xx_tim.o
 .text.TIM_OC3Init
                0x00000000      0x10c ..\obj\stm32f4xx_tim.o
 .text.TIM_OC4Init
                0x00000000       0xcc ..\obj\stm32f4xx_tim.o
 .text.TIM_OCStructInit
                0x00000000       0x44 ..\obj\stm32f4xx_tim.o
 .text.TIM_SelectOCxM
                0x00000000       0xac ..\obj\stm32f4xx_tim.o
 .text.TIM_SetCompare1
                0x00000000       0x1c ..\obj\stm32f4xx_tim.o
 .text.TIM_SetCompare2
                0x00000000       0x1c ..\obj\stm32f4xx_tim.o
 .text.TIM_SetCompare3
                0x00000000       0x1c ..\obj\stm32f4xx_tim.o
 .text.TIM_SetCompare4
                0x00000000       0x1c ..\obj\stm32f4xx_tim.o
 .text.TIM_ForcedOC1Config
                0x00000000       0x38 ..\obj\stm32f4xx_tim.o
 .text.TIM_ForcedOC2Config
                0x00000000       0x3c ..\obj\stm32f4xx_tim.o
 .text.TIM_ForcedOC3Config
                0x00000000       0x38 ..\obj\stm32f4xx_tim.o
 .text.TIM_ForcedOC4Config
                0x00000000       0x3c ..\obj\stm32f4xx_tim.o
 .text.TIM_OC1PreloadConfig
                0x00000000       0x38 ..\obj\stm32f4xx_tim.o
 .text.TIM_OC2PreloadConfig
                0x00000000       0x3c ..\obj\stm32f4xx_tim.o
 .text.TIM_OC3PreloadConfig
                0x00000000       0x38 ..\obj\stm32f4xx_tim.o
 .text.TIM_OC4PreloadConfig
                0x00000000       0x3c ..\obj\stm32f4xx_tim.o
 .text.TIM_OC1FastConfig
                0x00000000       0x38 ..\obj\stm32f4xx_tim.o
 .text.TIM_OC2FastConfig
                0x00000000       0x3c ..\obj\stm32f4xx_tim.o
 .text.TIM_OC3FastConfig
                0x00000000       0x38 ..\obj\stm32f4xx_tim.o
 .text.TIM_OC4FastConfig
                0x00000000       0x3c ..\obj\stm32f4xx_tim.o
 .text.TIM_ClearOC1Ref
                0x00000000       0x38 ..\obj\stm32f4xx_tim.o
 .text.TIM_ClearOC2Ref
                0x00000000       0x3c ..\obj\stm32f4xx_tim.o
 .text.TIM_ClearOC3Ref
                0x00000000       0x38 ..\obj\stm32f4xx_tim.o
 .text.TIM_ClearOC4Ref
                0x00000000       0x3c ..\obj\stm32f4xx_tim.o
 .text.TIM_OC1PolarityConfig
                0x00000000       0x38 ..\obj\stm32f4xx_tim.o
 .text.TIM_OC1NPolarityConfig
                0x00000000       0x38 ..\obj\stm32f4xx_tim.o
 .text.TIM_OC2PolarityConfig
                0x00000000       0x3c ..\obj\stm32f4xx_tim.o
 .text.TIM_OC2NPolarityConfig
                0x00000000       0x3c ..\obj\stm32f4xx_tim.o
 .text.TIM_OC3PolarityConfig
                0x00000000       0x3c ..\obj\stm32f4xx_tim.o
 .text.TIM_OC3NPolarityConfig
                0x00000000       0x3c ..\obj\stm32f4xx_tim.o
 .text.TIM_OC4PolarityConfig
                0x00000000       0x3c ..\obj\stm32f4xx_tim.o
 .text.TIM_CCxCmd
                0x00000000       0x54 ..\obj\stm32f4xx_tim.o
 .text.TIM_CCxNCmd
                0x00000000       0x54 ..\obj\stm32f4xx_tim.o
 .text.TIM_ICInit
                0x00000000       0xa8 ..\obj\stm32f4xx_tim.o
 .text.TIM_ICStructInit
                0x00000000       0x30 ..\obj\stm32f4xx_tim.o
 .text.TIM_PWMIConfig
                0x00000000       0xb8 ..\obj\stm32f4xx_tim.o
 .text.TIM_GetCapture1
                0x00000000       0x18 ..\obj\stm32f4xx_tim.o
 .text.TIM_GetCapture2
                0x00000000       0x18 ..\obj\stm32f4xx_tim.o
 .text.TIM_GetCapture3
                0x00000000       0x18 ..\obj\stm32f4xx_tim.o
 .text.TIM_GetCapture4
                0x00000000       0x18 ..\obj\stm32f4xx_tim.o
 .text.TIM_SetIC1Prescaler
                0x00000000       0x38 ..\obj\stm32f4xx_tim.o
 .text.TIM_SetIC2Prescaler
                0x00000000       0x3c ..\obj\stm32f4xx_tim.o
 .text.TIM_SetIC3Prescaler
                0x00000000       0x38 ..\obj\stm32f4xx_tim.o
 .text.TIM_SetIC4Prescaler
                0x00000000       0x3c ..\obj\stm32f4xx_tim.o
 .text.TIM_BDTRConfig
                0x00000000       0x50 ..\obj\stm32f4xx_tim.o
 .text.TIM_BDTRStructInit
                0x00000000       0x3c ..\obj\stm32f4xx_tim.o
 .text.TIM_CtrlPWMOutputs
                0x00000000       0x4c ..\obj\stm32f4xx_tim.o
 .text.TIM_SelectCOM
                0x00000000       0x40 ..\obj\stm32f4xx_tim.o
 .text.TIM_CCPreloadControl
                0x00000000       0x40 ..\obj\stm32f4xx_tim.o
 .text.TIM_ITConfig
                0x00000000       0x48 ..\obj\stm32f4xx_tim.o
 .text.TIM_GenerateEvent
                0x00000000       0x1c ..\obj\stm32f4xx_tim.o
 .text.TIM_GetFlagStatus
                0x00000000       0x38 ..\obj\stm32f4xx_tim.o
 .text.TIM_ClearFlag
                0x00000000       0x20 ..\obj\stm32f4xx_tim.o
 .text.TIM_GetITStatus
                0x00000000       0x54 ..\obj\stm32f4xx_tim.o
 .text.TIM_ClearITPendingBit
                0x00000000       0x20 ..\obj\stm32f4xx_tim.o
 .text.TIM_DMAConfig
                0x00000000       0x28 ..\obj\stm32f4xx_tim.o
 .text.TIM_DMACmd
                0x00000000       0x48 ..\obj\stm32f4xx_tim.o
 .text.TIM_SelectCCDMA
                0x00000000       0x40 ..\obj\stm32f4xx_tim.o
 .text.TIM_InternalClockConfig
                0x00000000       0x24 ..\obj\stm32f4xx_tim.o
 .text.TIM_ITRxExternalClockConfig
                0x00000000       0x2c ..\obj\stm32f4xx_tim.o
 .text.TIM_TIxExternalClockConfig
                0x00000000       0x54 ..\obj\stm32f4xx_tim.o
 .text.TIM_ETRClockMode1Config
                0x00000000       0x50 ..\obj\stm32f4xx_tim.o
 .text.TIM_ETRClockMode2Config
                0x00000000       0x30 ..\obj\stm32f4xx_tim.o
 .text.TIM_SelectInputTrigger
                0x00000000       0x38 ..\obj\stm32f4xx_tim.o
 .text.TIM_SelectOutputTrigger
                0x00000000       0x38 ..\obj\stm32f4xx_tim.o
 .text.TIM_SelectSlaveMode
                0x00000000       0x38 ..\obj\stm32f4xx_tim.o
 .text.TIM_SelectMasterSlaveMode
                0x00000000       0x38 ..\obj\stm32f4xx_tim.o
 .text.TIM_ETRConfig
                0x00000000       0x48 ..\obj\stm32f4xx_tim.o
 .text.TIM_EncoderInterfaceConfig
                0x00000000       0x8c ..\obj\stm32f4xx_tim.o
 .text.TIM_SelectHallSensor
                0x00000000       0x40 ..\obj\stm32f4xx_tim.o
 .text.TIM_RemapConfig
                0x00000000       0x20 ..\obj\stm32f4xx_tim.o
 .text.TI1_Config
                0x00000000       0x78 ..\obj\stm32f4xx_tim.o
 .text.TI2_Config
                0x00000000       0x8c ..\obj\stm32f4xx_tim.o
 .text.TI3_Config
                0x00000000       0x84 ..\obj\stm32f4xx_tim.o
 .text.TI4_Config
                0x00000000       0x90 ..\obj\stm32f4xx_tim.o
 .debug_info    0x00000000     0x1c35 ..\obj\stm32f4xx_tim.o
 .debug_abbrev  0x00000000      0x187 ..\obj\stm32f4xx_tim.o
 .debug_aranges
                0x00000000      0x2f8 ..\obj\stm32f4xx_tim.o
 .debug_ranges  0x00000000      0x2e8 ..\obj\stm32f4xx_tim.o
 .debug_line    0x00000000      0xa2d ..\obj\stm32f4xx_tim.o
 .debug_str     0x00000000      0xddb ..\obj\stm32f4xx_tim.o
 .comment       0x00000000       0x71 ..\obj\stm32f4xx_tim.o
 .ARM.attributes
                0x00000000       0x39 ..\obj\stm32f4xx_tim.o
 .debug_frame   0x00000000      0xa3c ..\obj\stm32f4xx_tim.o
 .text          0x00000000        0x0 ..\obj\heap_3.o
 .data          0x00000000        0x0 ..\obj\heap_3.o
 .bss           0x00000000        0x0 ..\obj\heap_3.o
 .text          0x00000000        0x0 ..\..\..\..\..\..\..\Program Files (x86)\GNU Tools ARM Embedded\4.8 2013q4\arm-none-eabi\lib\armv7e-m\fpu\libg.a(lib_a-malloc.o)
 .data          0x00000000        0x0 ..\..\..\..\..\..\..\Program Files (x86)\GNU Tools ARM Embedded\4.8 2013q4\arm-none-eabi\lib\armv7e-m\fpu\libg.a(lib_a-malloc.o)
 .bss           0x00000000        0x0 ..\..\..\..\..\..\..\Program Files (x86)\GNU Tools ARM Embedded\4.8 2013q4\arm-none-eabi\lib\armv7e-m\fpu\libg.a(lib_a-malloc.o)
 .text          0x00000000        0x0 ..\..\..\..\..\..\..\Program Files (x86)\GNU Tools ARM Embedded\4.8 2013q4\arm-none-eabi\lib\armv7e-m\fpu\libg.a(lib_a-mallocr.o)
 .data          0x00000000        0x0 ..\..\..\..\..\..\..\Program Files (x86)\GNU Tools ARM Embedded\4.8 2013q4\arm-none-eabi\lib\armv7e-m\fpu\libg.a(lib_a-mallocr.o)
 .bss           0x00000000        0x0 ..\..\..\..\..\..\..\Program Files (x86)\GNU Tools ARM Embedded\4.8 2013q4\arm-none-eabi\lib\armv7e-m\fpu\libg.a(lib_a-mallocr.o)
 .data          0x00000000        0x0 ..\..\..\..\..\..\..\Program Files (x86)\GNU Tools ARM Embedded\4.8 2013q4\arm-none-eabi\lib\armv7e-m\fpu\libg.a(lib_a-memcpy.o)
 .bss           0x00000000        0x0 ..\..\..\..\..\..\..\Program Files (x86)\GNU Tools ARM Embedded\4.8 2013q4\arm-none-eabi\lib\armv7e-m\fpu\libg.a(lib_a-memcpy.o)
 .text          0x00000000        0x0 ..\..\..\..\..\..\..\Program Files (x86)\GNU Tools ARM Embedded\4.8 2013q4\arm-none-eabi\lib\armv7e-m\fpu\libg.a(lib_a-memset.o)
 .data          0x00000000        0x0 ..\..\..\..\..\..\..\Program Files (x86)\GNU Tools ARM Embedded\4.8 2013q4\arm-none-eabi\lib\armv7e-m\fpu\libg.a(lib_a-memset.o)
 .bss           0x00000000        0x0 ..\..\..\..\..\..\..\Program Files (x86)\GNU Tools ARM Embedded\4.8 2013q4\arm-none-eabi\lib\armv7e-m\fpu\libg.a(lib_a-memset.o)
 .text          0x00000000        0x0 ..\..\..\..\..\..\..\Program Files (x86)\GNU Tools ARM Embedded\4.8 2013q4\arm-none-eabi\lib\armv7e-m\fpu\libg.a(lib_a-mlock.o)
 .data          0x00000000        0x0 ..\..\..\..\..\..\..\Program Files (x86)\GNU Tools ARM Embedded\4.8 2013q4\arm-none-eabi\lib\armv7e-m\fpu\libg.a(lib_a-mlock.o)
 .bss           0x00000000        0x0 ..\..\..\..\..\..\..\Program Files (x86)\GNU Tools ARM Embedded\4.8 2013q4\arm-none-eabi\lib\armv7e-m\fpu\libg.a(lib_a-mlock.o)
 .text          0x00000000        0x0 ..\..\..\..\..\..\..\Program Files (x86)\GNU Tools ARM Embedded\4.8 2013q4\arm-none-eabi\lib\armv7e-m\fpu\libg.a(lib_a-sbrkr.o)
 .data          0x00000000        0x0 ..\..\..\..\..\..\..\Program Files (x86)\GNU Tools ARM Embedded\4.8 2013q4\arm-none-eabi\lib\armv7e-m\fpu\libg.a(lib_a-sbrkr.o)
 .bss           0x00000000        0x0 ..\..\..\..\..\..\..\Program Files (x86)\GNU Tools ARM Embedded\4.8 2013q4\arm-none-eabi\lib\armv7e-m\fpu\libg.a(lib_a-sbrkr.o)
 .text          0x00000000        0x0 ..\..\..\..\..\..\..\Program Files (x86)\GNU Tools ARM Embedded\4.8 2013q4\arm-none-eabi\lib\armv7e-m\fpu\libg.a(lib_a-strlen.o)
 .data          0x00000000        0x0 ..\..\..\..\..\..\..\Program Files (x86)\GNU Tools ARM Embedded\4.8 2013q4\arm-none-eabi\lib\armv7e-m\fpu\libg.a(lib_a-strlen.o)
 .bss           0x00000000        0x0 ..\..\..\..\..\..\..\Program Files (x86)\GNU Tools ARM Embedded\4.8 2013q4\arm-none-eabi\lib\armv7e-m\fpu\libg.a(lib_a-strlen.o)
 .text          0x00000000        0x0 ..\..\..\..\..\..\..\Program Files (x86)\GNU Tools ARM Embedded\4.8 2013q4\arm-none-eabi\lib\armv7e-m\fpu\libg.a(lib_a-freer.o)
 .data          0x00000000        0x0 ..\..\..\..\..\..\..\Program Files (x86)\GNU Tools ARM Embedded\4.8 2013q4\arm-none-eabi\lib\armv7e-m\fpu\libg.a(lib_a-freer.o)
 .bss           0x00000000        0x0 ..\..\..\..\..\..\..\Program Files (x86)\GNU Tools ARM Embedded\4.8 2013q4\arm-none-eabi\lib\armv7e-m\fpu\libg.a(lib_a-freer.o)
 .text          0x00000000        0x0 ..\..\..\..\..\..\..\Program Files (x86)\GNU Tools ARM Embedded\4.8 2013q4\arm-none-eabi\lib\armv7e-m\fpu\libg.a(lib_a-reent.o)
 .data          0x00000000        0x0 ..\..\..\..\..\..\..\Program Files (x86)\GNU Tools ARM Embedded\4.8 2013q4\arm-none-eabi\lib\armv7e-m\fpu\libg.a(lib_a-reent.o)
 .bss           0x00000000        0x0 ..\..\..\..\..\..\..\Program Files (x86)\GNU Tools ARM Embedded\4.8 2013q4\arm-none-eabi\lib\armv7e-m\fpu\libg.a(lib_a-reent.o)
 .text.cleanup_glue
                0x00000000       0x1c ..\..\..\..\..\..\..\Program Files (x86)\GNU Tools ARM Embedded\4.8 2013q4\arm-none-eabi\lib\armv7e-m\fpu\libg.a(lib_a-reent.o)
 .text._reclaim_reent
                0x00000000       0x90 ..\..\..\..\..\..\..\Program Files (x86)\GNU Tools ARM Embedded\4.8 2013q4\arm-none-eabi\lib\armv7e-m\fpu\libg.a(lib_a-reent.o)
 .data          0x00000000        0x0 c:/program files (x86)/gnu tools arm embedded/4.8 2013q4/bin/../lib/gcc/arm-none-eabi/4.8.3/armv7e-m/fpu\libgcc.a(_arm_addsubdf3.o)
 .bss           0x00000000        0x0 c:/program files (x86)/gnu tools arm embedded/4.8 2013q4/bin/../lib/gcc/arm-none-eabi/4.8.3/armv7e-m/fpu\libgcc.a(_arm_addsubdf3.o)
 .data          0x00000000        0x0 c:/program files (x86)/gnu tools arm embedded/4.8 2013q4/bin/../lib/gcc/arm-none-eabi/4.8.3/armv7e-m/fpu\libgcc.a(_arm_muldivdf3.o)
 .bss           0x00000000        0x0 c:/program files (x86)/gnu tools arm embedded/4.8 2013q4/bin/../lib/gcc/arm-none-eabi/4.8.3/armv7e-m/fpu\libgcc.a(_arm_muldivdf3.o)
 .data          0x00000000        0x0 c:/program files (x86)/gnu tools arm embedded/4.8 2013q4/bin/../lib/gcc/arm-none-eabi/4.8.3/armv7e-m/fpu\libgcc.a(_arm_fixunsdfsi.o)
 .bss           0x00000000        0x0 c:/program files (x86)/gnu tools arm embedded/4.8 2013q4/bin/../lib/gcc/arm-none-eabi/4.8.3/armv7e-m/fpu\libgcc.a(_arm_fixunsdfsi.o)

Memory Configuration

Name             Origin             Length             Attributes
rom              0x08000000         0x00040000         xr
ram              0x20000000         0x00010000         xrw
*default*        0x00000000         0xffffffff

Linker script and memory map

                0x20010000                _eram = 0x20010000

.text           0x08000000     0x4db4
 *(.isr_vector)
 .isr_vector    0x08000000      0x188 ..\obj\startup_stm32f4xx.o
                0x08000000                g_pfnVectors
 *(.text*)
 .text.DAC_Init
                0x08000188       0x64 ..\obj\stm32f4xx_dac.o
                0x08000188                DAC_Init
 .text.DAC_Cmd  0x080001ec       0x48 ..\obj\stm32f4xx_dac.o
                0x080001ec                DAC_Cmd
 .text.DAC_SetChannel2Data
                0x08000234       0x34 ..\obj\stm32f4xx_dac.o
                0x08000234                DAC_SetChannel2Data
 .text.Default_Reset_Handler
                0x08000268       0x6c ..\obj\startup_stm32f4xx.o
                0x08000268                Default_Reset_Handler
                0x08000268                Reset_Handler
 .text.Default_Handler
                0x080002d4        0x8 ..\obj\startup_stm32f4xx.o
                0x080002d4                RTC_Alarm_IRQHandler
                0x080002d4                HASH_RNG_IRQHandler
                0x080002d4                EXTI2_IRQHandler
                0x080002d4                TIM8_CC_IRQHandler
                0x080002d4                DebugMon_Handler
                0x080002d4                TIM1_CC_IRQHandler
                0x080002d4                DMA2_Stream5_IRQHandler
                0x080002d4                HardFault_Handler
                0x080002d4                DMA1_Stream5_IRQHandler
                0x080002d4                PVD_IRQHandler
                0x080002d4                SDIO_IRQHandler
                0x080002d4                TAMP_STAMP_IRQHandler
                0x080002d4                NMI_Handler
                0x080002d4                CAN2_RX1_IRQHandler
                0x080002d4                EXTI3_IRQHandler
                0x080002d4                TIM8_TRG_COM_TIM14_IRQHandler
                0x080002d4                TIM1_UP_TIM10_IRQHandler
                0x080002d4                TIM8_UP_TIM13_IRQHandler
                0x080002d4                I2C3_ER_IRQHandler
                0x080002d4                EXTI0_IRQHandler
                0x080002d4                I2C2_EV_IRQHandler
                0x080002d4                DMA1_Stream2_IRQHandler
                0x080002d4                CAN1_RX0_IRQHandler
                0x080002d4                FPU_IRQHandler
                0x080002d4                OTG_HS_WKUP_IRQHandler
                0x080002d4                UsageFault_Handler
                0x080002d4                CAN2_SCE_IRQHandler
                0x080002d4                DMA2_Stream2_IRQHandler
                0x080002d4                SPI1_IRQHandler
                0x080002d4                TIM6_DAC_IRQHandler
                0x080002d4                TIM1_BRK_TIM9_IRQHandler
                0x080002d4                DCMI_IRQHandler
                0x080002d4                CAN2_RX0_IRQHandler
                0x080002d4                DMA2_Stream3_IRQHandler
                0x080002d4                USART6_IRQHandler
                0x080002d4                USART3_IRQHandler
                0x080002d4                CRYP_IRQHandler
                0x080002d4                CAN1_RX1_IRQHandler
                0x080002d4                UART5_IRQHandler
                0x080002d4                DMA2_Stream0_IRQHandler
                0x080002d4                TIM4_IRQHandler
                0x080002d4                I2C1_EV_IRQHandler
                0x080002d4                DMA1_Stream6_IRQHandler
                0x080002d4                DMA1_Stream1_IRQHandler
                0x080002d4                UART4_IRQHandler
                0x080002d4                TIM3_IRQHandler
                0x080002d4                RCC_IRQHandler
                0x080002d4                TIM8_BRK_TIM12_IRQHandler
                0x080002d4                EXTI15_10_IRQHandler
                0x080002d4                ADC_IRQHandler
                0x080002d4                DMA1_Stream7_IRQHandler
                0x080002d4                TIM7_IRQHandler
                0x080002d4                CAN2_TX_IRQHandler
                0x080002d4                TIM5_IRQHandler
                0x080002d4                DMA2_Stream7_IRQHandler
                0x080002d4                I2C3_EV_IRQHandler
                0x080002d4                EXTI9_5_IRQHandler
                0x080002d4                RTC_WKUP_IRQHandler
                0x080002d4                ETH_WKUP_IRQHandler
                0x080002d4                SPI2_IRQHandler
                0x080002d4                OTG_HS_EP1_IN_IRQHandler
                0x080002d4                MemManage_Handler
                0x080002d4                DMA1_Stream0_IRQHandler
                0x080002d4                CAN1_TX_IRQHandler
                0x080002d4                EXTI4_IRQHandler
                0x080002d4                FSMC_IRQHandler
                0x080002d4                ETH_IRQHandler
                0x080002d4                OTG_HS_EP1_OUT_IRQHandler
                0x080002d4                WWDG_IRQHandler
                0x080002d4                TIM2_IRQHandler
                0x080002d4                OTG_FS_WKUP_IRQHandler
                0x080002d4                TIM1_TRG_COM_TIM11_IRQHandler
                0x080002d4                OTG_HS_IRQHandler
                0x080002d4                EXTI1_IRQHandler
                0x080002d4                USART2_IRQHandler
                0x080002d4                I2C2_ER_IRQHandler
                0x080002d4                DMA2_Stream1_IRQHandler
                0x080002d4                CAN1_SCE_IRQHandler
                0x080002d4                FLASH_IRQHandler
                0x080002d4                DMA2_Stream4_IRQHandler
                0x080002d4                BusFault_Handler
                0x080002d4                USART1_IRQHandler
                0x080002d4                OTG_FS_IRQHandler
                0x080002d4                SPI3_IRQHandler
                0x080002d4                DMA1_Stream4_IRQHandler
                0x080002d4                I2C1_ER_IRQHandler
                0x080002d4                DMA2_Stream6_IRQHandler
                0x080002d4                DMA1_Stream3_IRQHandler
 .text.init_GPIO
                0x080002dc       0x88 ..\obj\main.o
                0x080002dc                init_GPIO
 .text.init_DAC
                0x08000364       0x58 ..\obj\main.o
                0x08000364                init_DAC
 .text.loadCustomChar
                0x080003bc       0x44 ..\obj\main.o
                0x080003bc                loadCustomChar
 .text.decodeKeyData
                0x08000400       0x88 ..\obj\main.o
                0x08000400                decodeKeyData
 .text.getDigits
                0x08000488       0x3c ..\obj\main.o
                0x08000488                getDigits
 .text.taskRotaryEncoderReader
                0x080004c4       0x74 ..\obj\main.o
                0x080004c4                taskRotaryEncoderReader
 .text.taskKeypadReader
                0x08000538      0x114 ..\obj\main.o
                0x08000538                taskKeypadReader
 .text.taskLCDController
                0x0800064c       0x88 ..\obj\main.o
                0x0800064c                taskLCDController
 *fill*         0x080006d4        0x4 
 .text.taskVoltageController2
                0x080006d8       0xb8 ..\obj\main.o
                0x080006d8                taskVoltageController2
 .text.taskUIController
                0x08000790      0x504 ..\obj\main.o
                0x08000790                taskUIController
 .text.main     0x08000c94      0x118 ..\obj\main.o
                0x08000c94                main
 .text.vApplicationTickHook
                0x08000dac       0x24 ..\obj\main.o
                0x08000dac                vApplicationTickHook
 .text.vApplicationIdleHook
                0x08000dd0       0x24 ..\obj\main.o
                0x08000dd0                vApplicationIdleHook
 .text.vApplicationMallocFailedHook
                0x08000df4        0xc ..\obj\main.o
                0x08000df4                vApplicationMallocFailedHook
 .text.RCC_AHB1PeriphClockCmd
                0x08000e00       0x3c ..\obj\stm32f4xx_rcc.o
                0x08000e00                RCC_AHB1PeriphClockCmd
 .text.RCC_APB1PeriphClockCmd
                0x08000e3c       0x3c ..\obj\stm32f4xx_rcc.o
                0x08000e3c                RCC_APB1PeriphClockCmd
 .text.xTimerCreateTimerTask
                0x08000e78       0x58 ..\obj\timers.o
                0x08000e78                xTimerCreateTimerTask
 .text.xTimerGenericCommand
                0x08000ed0       0x8c ..\obj\timers.o
                0x08000ed0                xTimerGenericCommand
 .text.prvProcessExpiredTimer
                0x08000f5c       0x70 ..\obj\timers.o
 .text.prvTimerTask
                0x08000fcc       0x24 ..\obj\timers.o
 .text.prvProcessTimerOrBlockTask
                0x08000ff0       0x6c ..\obj\timers.o
 .text.prvGetNextExpireTime
                0x0800105c       0x48 ..\obj\timers.o
 .text.prvSampleTimeNow
                0x080010a4       0x40 ..\obj\timers.o
 .text.prvInsertTimerInActiveList
                0x080010e4       0x84 ..\obj\timers.o
 .text.prvProcessReceivedCommands
                0x08001168      0x110 ..\obj\timers.o
 .text.prvSwitchTimerLists
                0x08001278       0xb0 ..\obj\timers.o
 .text.prvCheckForValidListAndQueue
                0x08001328       0x78 ..\obj\timers.o
 .text.PutChar  0x080013a0       0x20 ..\obj\printf.o
                0x080013a0                PutChar
 .text.PutString
                0x080013c0       0x3c ..\obj\printf.o
                0x080013c0                PutString
 .text.PutUnsignedInt
                0x080013fc       0xa0 ..\obj\printf.o
                0x080013fc                PutUnsignedInt
 .text.PutSignedInt
                0x0800149c       0xfc ..\obj\printf.o
                0x0800149c                PutSignedInt
 .text.PutHexa  0x08001598       0xd4 ..\obj\printf.o
                0x08001598                PutHexa
 .text.vsnprintf
                0x0800166c      0x254 ..\obj\printf.o
                0x0800166c                vsnprintf
 .text.vsprintf
                0x080018c0       0x24 ..\obj\printf.o
                0x080018c0                vsprintf
 .text.sprintf  0x080018e4       0x2c ..\obj\printf.o
                0x080018e4                sprintf
 .text.delay    0x08001910       0x28 ..\obj\hd44780.o
                0x08001910                delay
 .text.lcd_delay
                0x08001938        0xc ..\obj\hd44780.o
                0x08001938                lcd_delay
 .text.lcd_init
                0x08001944      0x470 ..\obj\hd44780.o
                0x08001944                lcd_init
 .text.lcd_set_user_char
                0x08001db4       0x54 ..\obj\hd44780.o
                0x08001db4                lcd_set_user_char
 .text.lcd_set_xy
                0x08001e08       0x3c ..\obj\hd44780.o
                0x08001e08                lcd_set_xy
 .text.lcd_out  0x08001e44       0x2c ..\obj\hd44780.o
                0x08001e44                lcd_out
 .text.lcd_clear
                0x08001e70       0x10 ..\obj\hd44780.o
                0x08001e70                lcd_clear
 .text.lcd_set_state
                0x08001e80       0x60 ..\obj\hd44780.o
                0x08001e80                lcd_set_state
 .text.lcd_send
                0x08001ee0      0x110 ..\obj\hd44780.o
                0x08001ee0                lcd_send
 .text.xTaskGenericCreate
                0x08001ff0      0x168 ..\obj\tasks.o
                0x08001ff0                xTaskGenericCreate
 .text.vTaskDelay
                0x08002158       0x64 ..\obj\tasks.o
                0x08002158                vTaskDelay
 .text.vTaskStartScheduler
                0x080021bc       0x70 ..\obj\tasks.o
                0x080021bc                vTaskStartScheduler
 .text.vTaskSuspendAll
                0x0800222c       0x1c ..\obj\tasks.o
                0x0800222c                vTaskSuspendAll
 .text.xTaskResumeAll
                0x08002248      0x10c ..\obj\tasks.o
                0x08002248                xTaskResumeAll
 .text.xTaskGetTickCount
                0x08002354       0x24 ..\obj\tasks.o
                0x08002354                xTaskGetTickCount
 .text.xTaskIncrementTick
                0x08002378      0x180 ..\obj\tasks.o
                0x08002378                xTaskIncrementTick
 .text.vTaskSwitchContext
                0x080024f8       0xa4 ..\obj\tasks.o
                0x080024f8                vTaskSwitchContext
 .text.vTaskPlaceOnEventList
                0x0800259c       0x6c ..\obj\tasks.o
                0x0800259c                vTaskPlaceOnEventList
 .text.vTaskPlaceOnEventListRestricted
                0x08002608       0x50 ..\obj\tasks.o
                0x08002608                vTaskPlaceOnEventListRestricted
 .text.xTaskRemoveFromEventList
                0x08002658       0xb8 ..\obj\tasks.o
                0x08002658                xTaskRemoveFromEventList
 .text.vTaskSetTimeOutState
                0x08002710       0x34 ..\obj\tasks.o
                0x08002710                vTaskSetTimeOutState
 .text.xTaskCheckForTimeOut
                0x08002744       0xa0 ..\obj\tasks.o
                0x08002744                xTaskCheckForTimeOut
 .text.vTaskMissedYield
                0x080027e4       0x18 ..\obj\tasks.o
                0x080027e4                vTaskMissedYield
 .text.prvIdleTask
                0x080027fc       0x24 ..\obj\tasks.o
 .text.prvInitialiseTCBVariables
                0x08002820       0x90 ..\obj\tasks.o
 .text.prvInitialiseTaskLists
                0x080028b0       0x7c ..\obj\tasks.o
 .text.prvCheckTasksWaitingTermination
                0x0800292c       0x74 ..\obj\tasks.o
 .text.prvAddCurrentTaskToDelayedList
                0x080029a0       0x6c ..\obj\tasks.o
 .text.prvAllocateTCBAndStack
                0x08002a0c       0x64 ..\obj\tasks.o
 .text.prvDeleteTCB
                0x08002a70       0x20 ..\obj\tasks.o
 .text.prvResetNextTaskUnblockTime
                0x08002a90       0x48 ..\obj\tasks.o
 .text.xTaskGetCurrentTaskHandle
                0x08002ad8       0x20 ..\obj\tasks.o
                0x08002ad8                xTaskGetCurrentTaskHandle
 .text.xTaskGetSchedulerState
                0x08002af8       0x3c ..\obj\tasks.o
                0x08002af8                xTaskGetSchedulerState
 .text.vTaskPriorityInherit
                0x08002b34       0xbc ..\obj\tasks.o
                0x08002b34                vTaskPriorityInherit
 .text.vTaskPriorityDisinherit
                0x08002bf0       0x84 ..\obj\tasks.o
                0x08002bf0                vTaskPriorityDisinherit
 .text.GPIO_Init
                0x08002c74      0x11c ..\obj\stm32f4xx_gpio.o
                0x08002c74                GPIO_Init
 .text.GPIO_SetBits
                0x08002d90       0x1c ..\obj\stm32f4xx_gpio.o
                0x08002d90                GPIO_SetBits
 .text.GPIO_ResetBits
                0x08002dac       0x1c ..\obj\stm32f4xx_gpio.o
                0x08002dac                GPIO_ResetBits
 .text.vListInitialise
                0x08002dc8       0x40 ..\obj\list.o
                0x08002dc8                vListInitialise
 .text.vListInitialiseItem
                0x08002e08       0x18 ..\obj\list.o
                0x08002e08                vListInitialiseItem
 .text.vListInsertEnd
                0x08002e20       0x48 ..\obj\list.o
                0x08002e20                vListInsertEnd
 .text.vListInsert
                0x08002e68       0x70 ..\obj\list.o
                0x08002e68                vListInsert
 .text.uxListRemove
                0x08002ed8       0x54 ..\obj\list.o
                0x08002ed8                uxListRemove
 .text._sbrk    0x08002f2c       0x40 ..\obj\syscalls.o
                0x08002f2c                _sbrk
 .text.pxPortInitialiseStack
                0x08002f6c       0x64 ..\obj\port.o
                0x08002f6c                pxPortInitialiseStack
 .text.prvTaskExitError
                0x08002fd0       0x20 ..\obj\port.o
 .text.SVC_Handler
                0x08002ff0       0x20 ..\obj\port.o
                0x08002ff0                SVC_Handler
 .text.prvPortStartFirstTask
                0x08003010       0x1c ..\obj\port.o
 .text.xPortStartScheduler
                0x0800302c       0xd0 ..\obj\port.o
                0x0800302c                xPortStartScheduler
 .text.vPortYield
                0x080030fc       0x20 ..\obj\port.o
                0x080030fc                vPortYield
 .text.vPortEnterCritical
                0x0800311c       0x20 ..\obj\port.o
                0x0800311c                vPortEnterCritical
 .text.vPortExitCritical
                0x0800313c       0x30 ..\obj\port.o
                0x0800313c                vPortExitCritical
 .text.ulPortSetInterruptMask
                0x0800316c       0x14 ..\obj\port.o
                0x0800316c                ulPortSetInterruptMask
 .text.vPortClearInterruptMask
                0x08003180        0x8 ..\obj\port.o
                0x08003180                vPortClearInterruptMask
 .text.PendSV_Handler
                0x08003188       0x58 ..\obj\port.o
                0x08003188                PendSV_Handler
 .text.SysTick_Handler
                0x080031e0       0x28 ..\obj\port.o
                0x080031e0                SysTick_Handler
 .text.vPortSetupTimerInterrupt
                0x08003208       0x24 ..\obj\port.o
                0x08003208                vPortSetupTimerInterrupt
 .text.vPortEnableVFP
                0x0800322c       0x14 ..\obj\port.o
 .text.vPortValidateInterruptPriority
                0x08003240       0x58 ..\obj\port.o
                0x08003240                vPortValidateInterruptPriority
 .text.xQueueGenericReset
                0x08003298       0xb0 ..\obj\queue.o
                0x08003298                xQueueGenericReset
 .text.xQueueGenericCreate
                0x08003348       0x84 ..\obj\queue.o
                0x08003348                xQueueGenericCreate
 .text.xQueueGenericSend
                0x080033cc      0x180 ..\obj\queue.o
                0x080033cc                xQueueGenericSend
 .text.xQueueGenericSendFromISR
                0x0800354c       0xd4 ..\obj\queue.o
                0x0800354c                xQueueGenericSendFromISR
 .text.xQueueGenericReceive
                0x08003620      0x1bc ..\obj\queue.o
                0x08003620                xQueueGenericReceive
 .text.prvCopyDataToQueue
                0x080037dc       0xd0 ..\obj\queue.o
 .text.prvCopyDataFromQueue
                0x080038ac       0x4c ..\obj\queue.o
 .text.prvUnlockQueue
                0x080038f8       0x98 ..\obj\queue.o
 .text.prvIsQueueEmpty
                0x08003990       0x2c ..\obj\queue.o
 .text.prvIsQueueFull
                0x080039bc       0x30 ..\obj\queue.o
 .text.vQueueAddToRegistry
                0x080039ec       0x50 ..\obj\queue.o
                0x080039ec                vQueueAddToRegistry
 .text.vQueueWaitForMessageRestricted
                0x08003a3c       0x58 ..\obj\queue.o
                0x08003a3c                vQueueWaitForMessageRestricted
 .text.pvPortMalloc
                0x08003a94       0x30 ..\obj\heap_3.o
                0x08003a94                pvPortMalloc
 .text.vPortFree
                0x08003ac4       0x24 ..\obj\heap_3.o
                0x08003ac4                vPortFree
 .text.malloc   0x08003ae8       0x10 ..\..\..\..\..\..\..\Program Files (x86)\GNU Tools ARM Embedded\4.8 2013q4\arm-none-eabi\lib\armv7e-m\fpu\libg.a(lib_a-malloc.o)
                0x08003ae8                malloc
 .text.free     0x08003af8       0x10 ..\..\..\..\..\..\..\Program Files (x86)\GNU Tools ARM Embedded\4.8 2013q4\arm-none-eabi\lib\armv7e-m\fpu\libg.a(lib_a-malloc.o)
                0x08003af8                free
 .text._malloc_r
                0x08003b08      0x538 ..\..\..\..\..\..\..\Program Files (x86)\GNU Tools ARM Embedded\4.8 2013q4\arm-none-eabi\lib\armv7e-m\fpu\libg.a(lib_a-mallocr.o)
                0x08003b08                _malloc_r
 .text          0x08004040      0x134 ..\..\..\..\..\..\..\Program Files (x86)\GNU Tools ARM Embedded\4.8 2013q4\arm-none-eabi\lib\armv7e-m\fpu\libg.a(lib_a-memcpy.o)
                0x08004040                memcpy
 .text.memset   0x08004174       0x94 ..\..\..\..\..\..\..\Program Files (x86)\GNU Tools ARM Embedded\4.8 2013q4\arm-none-eabi\lib\armv7e-m\fpu\libg.a(lib_a-memset.o)
                0x08004174                memset
 .text.__malloc_lock
                0x08004208        0x4 ..\..\..\..\..\..\..\Program Files (x86)\GNU Tools ARM Embedded\4.8 2013q4\arm-none-eabi\lib\armv7e-m\fpu\libg.a(lib_a-mlock.o)
                0x08004208                __malloc_lock
 .text.__malloc_unlock
                0x0800420c        0x4 ..\..\..\..\..\..\..\Program Files (x86)\GNU Tools ARM Embedded\4.8 2013q4\arm-none-eabi\lib\armv7e-m\fpu\libg.a(lib_a-mlock.o)
                0x0800420c                __malloc_unlock
 .text._sbrk_r  0x08004210       0x24 ..\..\..\..\..\..\..\Program Files (x86)\GNU Tools ARM Embedded\4.8 2013q4\arm-none-eabi\lib\armv7e-m\fpu\libg.a(lib_a-sbrkr.o)
                0x08004210                _sbrk_r
 .text.strlen   0x08004234       0x60 ..\..\..\..\..\..\..\Program Files (x86)\GNU Tools ARM Embedded\4.8 2013q4\arm-none-eabi\lib\armv7e-m\fpu\libg.a(lib_a-strlen.o)
                0x08004234                strlen
 .text._malloc_trim_r
                0x08004294       0x9c ..\..\..\..\..\..\..\Program Files (x86)\GNU Tools ARM Embedded\4.8 2013q4\arm-none-eabi\lib\armv7e-m\fpu\libg.a(lib_a-freer.o)
                0x08004294                _malloc_trim_r
 .text._free_r  0x08004330      0x19c ..\..\..\..\..\..\..\Program Files (x86)\GNU Tools ARM Embedded\4.8 2013q4\arm-none-eabi\lib\armv7e-m\fpu\libg.a(lib_a-freer.o)
                0x08004330                _free_r
 .text          0x080044cc      0x370 c:/program files (x86)/gnu tools arm embedded/4.8 2013q4/bin/../lib/gcc/arm-none-eabi/4.8.3/armv7e-m/fpu\libgcc.a(_arm_addsubdf3.o)
                0x080044cc                __aeabi_drsub
                0x080044d4                __aeabi_dsub
                0x080044d4                __subdf3
                0x080044d8                __aeabi_dadd
                0x080044d8                __adddf3
                0x08004750                __floatunsidf
                0x08004750                __aeabi_ui2d
                0x08004770                __floatsidf
                0x08004770                __aeabi_i2d
                0x08004794                __aeabi_f2d
                0x08004794                __extendsfdf2
                0x080047d0                __floatundidf
                0x080047d0                __aeabi_ul2d
                0x080047e0                __floatdidf
                0x080047e0                __aeabi_l2d
 .text          0x0800483c      0x424 c:/program files (x86)/gnu tools arm embedded/4.8 2013q4/bin/../lib/gcc/arm-none-eabi/4.8.3/armv7e-m/fpu\libgcc.a(_arm_muldivdf3.o)
                0x0800483c                __aeabi_dmul
                0x0800483c                __muldf3
                0x08004a90                __divdf3
                0x08004a90                __aeabi_ddiv
 .text          0x08004c60       0x40 c:/program files (x86)/gnu tools arm embedded/4.8 2013q4/bin/../lib/gcc/arm-none-eabi/4.8.3/armv7e-m/fpu\libgcc.a(_arm_fixunsdfsi.o)
                0x08004c60                __aeabi_d2uiz
                0x08004c60                __fixunsdfsi
 *(.init)
 *(.fini)
 *crtbegin.o(.ctors)
 *crtbegin?.o(.ctors)
 *(EXCLUDE_FILE(*crtend.o *crtend?.o) .ctors)
 *(SORT(.ctors.*))
 *(.ctors)
 *crtbegin.o(.dtors)
 *crtbegin?.o(.dtors)
 *(EXCLUDE_FILE(*crtend.o *crtend?.o) .dtors)
 *(SORT(.dtors.*))
 *(.dtors)
 *(.rodata*)
 .rodata        0x08004ca0       0xfc ..\obj\main.o
 .rodata        0x08004d9c       0x10 ..\obj\timers.o
 .rodata        0x08004dac        0x8 ..\obj\tasks.o
 *(.eh_fram e*)

.glue_7         0x08004db4        0x0
 .glue_7        0x00000000        0x0 linker stubs

.glue_7t        0x08004db4        0x0
 .glue_7t       0x00000000        0x0 linker stubs

.vfp11_veneer   0x08004db4        0x0
 .vfp11_veneer  0x00000000        0x0 linker stubs

.v4_bx          0x08004db4        0x0
 .v4_bx         0x00000000        0x0 linker stubs

.iplt           0x08004db4        0x0
 .iplt          0x00000000        0x0 ..\obj\stm32f4xx_dac.o

.rel.dyn        0x08004db4        0x0
 .rel.iplt      0x00000000        0x0 ..\obj\stm32f4xx_dac.o

.ARM.extab
 *(.ARM.extab* .gnu.linkonce.armextab.*)
                0x08004db4                __exidx_start = .

.ARM.exidx
 *(.ARM.exidx* .gnu.linkonce.armexidx.*)
                0x08004db4                __exidx_end = .
                0x08004db4                __etext = .
                0x08004db4                _sidata = __etext

.data           0x20000000      0x848 load address 0x08004db4
                0x20000000                __data_start__ = .
                0x20000000                _sdata = __data_start__
 *(vtable)
 *(.data*)
 .data          0x20000000      0x430 ..\obj\printf.o
                0x20000000                r
                0x20000428                _impure_ptr
 .data          0x20000430        0x4 ..\obj\tasks.o
 .data          0x20000434        0x4 ..\obj\port.o
 .data.__malloc_av_
                0x20000438      0x408 ..\..\..\..\..\..\..\Program Files (x86)\GNU Tools ARM Embedded\4.8 2013q4\arm-none-eabi\lib\armv7e-m\fpu\libg.a(lib_a-mallocr.o)
                0x20000438                __malloc_av_
 .data.__malloc_trim_threshold
                0x20000840        0x4 ..\..\..\..\..\..\..\Program Files (x86)\GNU Tools ARM Embedded\4.8 2013q4\arm-none-eabi\lib\armv7e-m\fpu\libg.a(lib_a-mallocr.o)
                0x20000840                __malloc_trim_threshold
 .data.__malloc_sbrk_base
                0x20000844        0x4 ..\..\..\..\..\..\..\Program Files (x86)\GNU Tools ARM Embedded\4.8 2013q4\arm-none-eabi\lib\armv7e-m\fpu\libg.a(lib_a-mallocr.o)
                0x20000844                __malloc_sbrk_base
                0x20000848                . = ALIGN (0x4)
                0x20000848                PROVIDE (__preinit_array_start, .)
 *(.preinit_array)
                0x20000848                PROVIDE (__preinit_array_end, .)
                0x20000848                . = ALIGN (0x4)
                0x20000848                PROVIDE (__init_array_start, .)
 *(SORT(.init_array.*))
 *(.init_array)
                0x20000848                PROVIDE (__init_array_end, .)
                0x20000848                . = ALIGN (0x4)
                0x20000848                PROVIDE (__fini_array_start, .)
 *(SORT(.fini_array.*))
 *(.fini_array)
                0x20000848                PROVIDE (__fini_array_end, .)
 *(.jcr*)
                0x20000848                . = ALIGN (0x4)
                0x20000848                __data_end__ = .
                0x20000848                _edata = __data_end__

.igot.plt       0x20000848        0x0 load address 0x080055fc
 .igot.plt      0x00000000        0x0 ..\obj\stm32f4xx_dac.o

.bss            0x20000848      0x1e8 load address 0x08005600
                0x20000848                . = ALIGN (0x4)
                0x20000848                __bss_start__ = .
                0x20000848                _sbss = __bss_start__
 *(.bss*)
 .bss           0x20000848       0x30 ..\obj\main.o
                0x20000848                u64Ticks
                0x20000850                u64IdleTicks
                0x20000858                u64IdleTicksCnt
                0x20000860                stateReg
                0x20000864                userInput
                0x20000868                cha1Data
                0x2000086c                cha2Data
                0x20000870                LCDData
 .bss           0x20000878       0x38 ..\obj\timers.o
 .bss           0x200008b0       0xfc ..\obj\tasks.o
                0x200008b0                pxCurrentTCB
 .bss           0x200009ac        0x4 ..\obj\syscalls.o
 .bss           0x200009b0        0x8 ..\obj\port.o
 .bss.__malloc_max_total_mem
                0x200009b8        0x4 ..\..\..\..\..\..\..\Program Files (x86)\GNU Tools ARM Embedded\4.8 2013q4\arm-none-eabi\lib\armv7e-m\fpu\libg.a(lib_a-mallocr.o)
                0x200009b8                __malloc_max_total_mem
 .bss.__malloc_max_sbrked_mem
                0x200009bc        0x4 ..\..\..\..\..\..\..\Program Files (x86)\GNU Tools ARM Embedded\4.8 2013q4\arm-none-eabi\lib\armv7e-m\fpu\libg.a(lib_a-mallocr.o)
                0x200009bc                __malloc_max_sbrked_mem
 .bss.__malloc_top_pad
                0x200009c0        0x4 ..\..\..\..\..\..\..\Program Files (x86)\GNU Tools ARM Embedded\4.8 2013q4\arm-none-eabi\lib\armv7e-m\fpu\libg.a(lib_a-mallocr.o)
                0x200009c0                __malloc_top_pad
 .bss.__malloc_current_mallinfo
                0x200009c4       0x28 ..\..\..\..\..\..\..\Program Files (x86)\GNU Tools ARM Embedded\4.8 2013q4\arm-none-eabi\lib\armv7e-m\fpu\libg.a(lib_a-mallocr.o)
                0x200009c4                __malloc_current_mallinfo
 *(COMMON)
 COMMON         0x200009ec       0x40 ..\obj\queue.o
                0x200009ec                xQueueRegistry
 COMMON         0x20000a2c        0x4 ..\..\..\..\..\..\..\Program Files (x86)\GNU Tools ARM Embedded\4.8 2013q4\arm-none-eabi\lib\armv7e-m\fpu\libg.a(lib_a-reent.o)
                0x20000a2c                errno
                0x20000a30                . = ALIGN (0x4)
                0x20000a30                __bss_end__ = .
                0x20000a30                _ebss = __bss_end__

.heap           0x20000a30        0x0
                0x20000a30                __end__ = .
                0x20000a30                _end = __end__
                0x20000a30                end = __end__
 *(.heap*)
                0x20000a30                __HeapLimit = .

.co_stack       0x20000a30     0x2000 load address 0x080057e8
                0x20000a30                . = ALIGN (0x8)
 *(.co_stack .co_stack.*)
 .co_stack      0x20000a30     0x2000 ..\obj\startup_stm32f4xx.o
                0x20000a30                pulStack
                0x20010000                __StackTop = (ORIGIN (ram) + 0x10000)
                0x2000e000                __StackLimit = (__StackTop - SIZEOF (.co_stack))
                0x20010000                PROVIDE (__stack, __StackTop)
                0x00000001                ASSERT ((__StackLimit >= __HeapLimit), region ram  overflowed with stack)
LOAD ..\obj\stm32f4xx_dac.o
LOAD ..\obj\startup_stm32f4xx.o
LOAD ..\obj\main.o
LOAD ..\obj\stm32f4xx_rcc.o
LOAD ..\obj\timers.o
LOAD ..\obj\printf.o
LOAD ..\obj\hd44780.o
LOAD ..\obj\tasks.o
LOAD ..\obj\stm32f4xx_gpio.o
LOAD ..\obj\list.o
LOAD ..\obj\system_stm32f4xx.o
LOAD ..\obj\syscalls.o
LOAD ..\obj\port.o
LOAD ..\obj\queue.o
LOAD ..\obj\croutine.o
LOAD ..\obj\event_groups.o
LOAD ..\obj\stm32f4xx_tim.o
LOAD ..\obj\heap_3.o
LOAD ..\..\..\..\..\..\..\Program Files (x86)\GNU Tools ARM Embedded\4.8 2013q4\arm-none-eabi\lib\armv7e-m\fpu\libm.a
LOAD ..\..\..\..\..\..\..\Program Files (x86)\GNU Tools ARM Embedded\4.8 2013q4\arm-none-eabi\lib\armv7e-m\fpu\libg.a
START GROUP
LOAD c:/program files (x86)/gnu tools arm embedded/4.8 2013q4/bin/../lib/gcc/arm-none-eabi/4.8.3/armv7e-m/fpu\libgcc.a
LOAD ..\..\..\..\..\..\..\Program Files (x86)\GNU Tools ARM Embedded\4.8 2013q4\arm-none-eabi\lib\armv7e-m\fpu\libg.a
LOAD ..\..\..\..\..\..\..\Program Files (x86)\GNU Tools ARM Embedded\4.8 2013q4\arm-none-eabi\lib\armv7e-m\fpu\libc.a
END GROUP
OUTPUT(FRT.elf elf32-littlearm)

.debug_info     0x00000000     0x62f4
 .debug_info    0x00000000      0x60e ..\obj\stm32f4xx_dac.o
 .debug_info    0x0000060e       0xed ..\obj\startup_stm32f4xx.o
 .debug_info    0x000006fb      0x78f ..\obj\main.o
 .debug_info    0x00000e8a      0xc21 ..\obj\stm32f4xx_rcc.o
 .debug_info    0x00001aab      0x7af ..\obj\timers.o
 .debug_info    0x0000225a      0xe38 ..\obj\printf.o
 .debug_info    0x00003092      0x463 ..\obj\hd44780.o
 .debug_info    0x000034f5     0x11b6 ..\obj\tasks.o
 .debug_info    0x000046ab      0x5d6 ..\obj\stm32f4xx_gpio.o
 .debug_info    0x00004c81      0x2ae ..\obj\list.o
 .debug_info    0x00004f2f      0x3ee ..\obj\syscalls.o
 .debug_info    0x0000531d      0x32c ..\obj\port.o
 .debug_info    0x00005649      0xba2 ..\obj\queue.o
 .debug_info    0x000061eb      0x109 ..\obj\heap_3.o

.debug_abbrev   0x00000000     0x1588
 .debug_abbrev  0x00000000      0x17c ..\obj\stm32f4xx_dac.o
 .debug_abbrev  0x0000017c       0xb0 ..\obj\startup_stm32f4xx.o
 .debug_abbrev  0x0000022c      0x222 ..\obj\main.o
 .debug_abbrev  0x0000044e      0x1e3 ..\obj\stm32f4xx_rcc.o
 .debug_abbrev  0x00000631      0x19e ..\obj\timers.o
 .debug_abbrev  0x000007cf      0x27e ..\obj\printf.o
 .debug_abbrev  0x00000a4d      0x165 ..\obj\hd44780.o
 .debug_abbrev  0x00000bb2      0x246 ..\obj\tasks.o
 .debug_abbrev  0x00000df8      0x1a3 ..\obj\stm32f4xx_gpio.o
 .debug_abbrev  0x00000f9b       0xd6 ..\obj\list.o
 .debug_abbrev  0x00001071       0xe2 ..\obj\syscalls.o
 .debug_abbrev  0x00001153      0x19b ..\obj\port.o
 .debug_abbrev  0x000012ee      0x1c9 ..\obj\queue.o
 .debug_abbrev  0x000014b7       0xd1 ..\obj\heap_3.o

.debug_aranges  0x00000000      0x8b8
 .debug_aranges
                0x00000000       0xa0 ..\obj\stm32f4xx_dac.o
 .debug_aranges
                0x000000a0       0x28 ..\obj\startup_stm32f4xx.o
 .debug_aranges
                0x000000c8       0x90 ..\obj\main.o
 .debug_aranges
                0x00000158      0x178 ..\obj\stm32f4xx_rcc.o
 .debug_aranges
                0x000002d0       0x88 ..\obj\timers.o
 .debug_aranges
                0x00000358       0xa0 ..\obj\printf.o
 .debug_aranges
                0x000003f8       0x60 ..\obj\hd44780.o
 .debug_aranges
                0x00000458      0x180 ..\obj\tasks.o
 .debug_aranges
                0x000005d8       0x88 ..\obj\stm32f4xx_gpio.o
 .debug_aranges
                0x00000660       0x40 ..\obj\list.o
 .debug_aranges
                0x000006a0       0x60 ..\obj\syscalls.o
 .debug_aranges
                0x00000700       0x98 ..\obj\port.o
 .debug_aranges
                0x00000798       0xf8 ..\obj\queue.o
 .debug_aranges
                0x00000890       0x28 ..\obj\heap_3.o

.debug_ranges   0x00000000      0x7f0
 .debug_ranges  0x00000000       0x90 ..\obj\stm32f4xx_dac.o
 .debug_ranges  0x00000090       0x18 ..\obj\startup_stm32f4xx.o
 .debug_ranges  0x000000a8       0x98 ..\obj\main.o
 .debug_ranges  0x00000140      0x168 ..\obj\stm32f4xx_rcc.o
 .debug_ranges  0x000002a8       0x78 ..\obj\timers.o
 .debug_ranges  0x00000320       0x90 ..\obj\printf.o
 .debug_ranges  0x000003b0       0x50 ..\obj\hd44780.o
 .debug_ranges  0x00000400      0x170 ..\obj\tasks.o
 .debug_ranges  0x00000570       0x78 ..\obj\stm32f4xx_gpio.o
 .debug_ranges  0x000005e8       0x30 ..\obj\list.o
 .debug_ranges  0x00000618       0x50 ..\obj\syscalls.o
 .debug_ranges  0x00000668       0x88 ..\obj\port.o
 .debug_ranges  0x000006f0       0xe8 ..\obj\queue.o
 .debug_ranges  0x000007d8       0x18 ..\obj\heap_3.o

.debug_line     0x00000000     0x357c
 .debug_line    0x00000000      0x320 ..\obj\stm32f4xx_dac.o
 .debug_line    0x00000320       0xab ..\obj\startup_stm32f4xx.o
 .debug_line    0x000003cb      0x4ce ..\obj\main.o
 .debug_line    0x00000899      0x562 ..\obj\stm32f4xx_rcc.o
 .debug_line    0x00000dfb      0x3b4 ..\obj\timers.o
 .debug_line    0x000011af      0x3a1 ..\obj\printf.o
 .debug_line    0x00001550      0x303 ..\obj\hd44780.o
 .debug_line    0x00001853      0xa47 ..\obj\tasks.o
 .debug_line    0x0000229a      0x307 ..\obj\stm32f4xx_gpio.o
 .debug_line    0x000025a1      0x230 ..\obj\list.o
 .debug_line    0x000027d1      0x17c ..\obj\syscalls.o
 .debug_line    0x0000294d      0x2fd ..\obj\port.o
 .debug_line    0x00002c4a      0x789 ..\obj\queue.o
 .debug_line    0x000033d3      0x1a9 ..\obj\heap_3.o

.debug_str      0x00000000     0x2e93
 .debug_str     0x00000000      0x3ef ..\obj\stm32f4xx_dac.o
                                0x45e (size before relaxing)
 .debug_str     0x000003ef       0xb9 ..\obj\startup_stm32f4xx.o
                                0x17c (size before relaxing)
 .debug_str     0x000004a8      0x45b ..\obj\main.o
                                0x65b (size before relaxing)
 .debug_str     0x00000903      0x68b ..\obj\stm32f4xx_rcc.o
                                0x85b (size before relaxing)
 .debug_str     0x00000f8e      0x482 ..\obj\timers.o
                                0x65c (size before relaxing)
 .debug_str     0x00001410      0x4bc ..\obj\printf.o
                                0x69b (size before relaxing)
 .debug_str     0x000018cc      0x13c ..\obj\hd44780.o
                                0x450 (size before relaxing)
 .debug_str     0x00001a08      0x96b ..\obj\tasks.o
                                0xbf8 (size before relaxing)
 .debug_str     0x00002373      0x1ac ..\obj\stm32f4xx_gpio.o
                                0x4ae (size before relaxing)
 .debug_str     0x0000251f       0xce ..\obj\list.o
                                0x2d8 (size before relaxing)
 .debug_str     0x000025ed      0x14c ..\obj\syscalls.o
                                0x30c (size before relaxing)
 .debug_str     0x00002739      0x260 ..\obj\port.o
                                0x417 (size before relaxing)
 .debug_str     0x00002999      0x47a ..\obj\queue.o
                                0x757 (size before relaxing)
 .debug_str     0x00002e13       0x80 ..\obj\heap_3.o
                                0x1f3 (size before relaxing)

.comment        0x00000000       0x70
 .comment       0x00000000       0x70 ..\obj\stm32f4xx_dac.o
                                 0x71 (size before relaxing)
 .comment       0x00000000       0x71 ..\obj\startup_stm32f4xx.o
 .comment       0x00000000       0x71 ..\obj\main.o
 .comment       0x00000000       0x71 ..\obj\stm32f4xx_rcc.o
 .comment       0x00000000       0x71 ..\obj\timers.o
 .comment       0x00000000       0x71 ..\obj\printf.o
 .comment       0x00000000       0x71 ..\obj\hd44780.o
 .comment       0x00000000       0x71 ..\obj\tasks.o
 .comment       0x00000000       0x71 ..\obj\stm32f4xx_gpio.o
 .comment       0x00000000       0x71 ..\obj\list.o
 .comment       0x00000000       0x71 ..\obj\syscalls.o
 .comment       0x00000000       0x71 ..\obj\port.o
 .comment       0x00000000       0x71 ..\obj\queue.o
 .comment       0x00000000       0x71 ..\obj\heap_3.o

.ARM.attributes
                0x00000000       0x37
 .ARM.attributes
                0x00000000       0x39 ..\obj\stm32f4xx_dac.o
 .ARM.attributes
                0x00000039       0x39 ..\obj\startup_stm32f4xx.o
 .ARM.attributes
                0x00000072       0x39 ..\obj\main.o
 .ARM.attributes
                0x000000ab       0x39 ..\obj\stm32f4xx_rcc.o
 .ARM.attributes
                0x000000e4       0x39 ..\obj\timers.o
 .ARM.attributes
                0x0000011d       0x39 ..\obj\printf.o
 .ARM.attributes
                0x00000156       0x39 ..\obj\hd44780.o
 .ARM.attributes
                0x0000018f       0x39 ..\obj\tasks.o
 .ARM.attributes
                0x000001c8       0x39 ..\obj\stm32f4xx_gpio.o
 .ARM.attributes
                0x00000201       0x39 ..\obj\list.o
 .ARM.attributes
                0x0000023a       0x39 ..\obj\syscalls.o
 .ARM.attributes
                0x00000273       0x39 ..\obj\port.o
 .ARM.attributes
                0x000002ac       0x39 ..\obj\queue.o
 .ARM.attributes
                0x000002e5       0x39 ..\obj\heap_3.o
 .ARM.attributes
                0x0000031e       0x34 ..\..\..\..\..\..\..\Program Files (x86)\GNU Tools ARM Embedded\4.8 2013q4\arm-none-eabi\lib\armv7e-m\fpu\libg.a(lib_a-malloc.o)
 .ARM.attributes
                0x00000352       0x34 ..\..\..\..\..\..\..\Program Files (x86)\GNU Tools ARM Embedded\4.8 2013q4\arm-none-eabi\lib\armv7e-m\fpu\libg.a(lib_a-mallocr.o)
 .ARM.attributes
                0x00000386       0x20 ..\..\..\..\..\..\..\Program Files (x86)\GNU Tools ARM Embedded\4.8 2013q4\arm-none-eabi\lib\armv7e-m\fpu\libg.a(lib_a-memcpy.o)
 .ARM.attributes
                0x000003a6       0x34 ..\..\..\..\..\..\..\Program Files (x86)\GNU Tools ARM Embedded\4.8 2013q4\arm-none-eabi\lib\armv7e-m\fpu\libg.a(lib_a-memset.o)
 .ARM.attributes
                0x000003da       0x34 ..\..\..\..\..\..\..\Program Files (x86)\GNU Tools ARM Embedded\4.8 2013q4\arm-none-eabi\lib\armv7e-m\fpu\libg.a(lib_a-mlock.o)
 .ARM.attributes
                0x0000040e       0x34 ..\..\..\..\..\..\..\Program Files (x86)\GNU Tools ARM Embedded\4.8 2013q4\arm-none-eabi\lib\armv7e-m\fpu\libg.a(lib_a-sbrkr.o)
 .ARM.attributes
                0x00000442       0x34 ..\..\..\..\..\..\..\Program Files (x86)\GNU Tools ARM Embedded\4.8 2013q4\arm-none-eabi\lib\armv7e-m\fpu\libg.a(lib_a-strlen.o)
 .ARM.attributes
                0x00000476       0x34 ..\..\..\..\..\..\..\Program Files (x86)\GNU Tools ARM Embedded\4.8 2013q4\arm-none-eabi\lib\armv7e-m\fpu\libg.a(lib_a-freer.o)
 .ARM.attributes
                0x000004aa       0x34 ..\..\..\..\..\..\..\Program Files (x86)\GNU Tools ARM Embedded\4.8 2013q4\arm-none-eabi\lib\armv7e-m\fpu\libg.a(lib_a-reent.o)
 .ARM.attributes
                0x000004de       0x22 c:/program files (x86)/gnu tools arm embedded/4.8 2013q4/bin/../lib/gcc/arm-none-eabi/4.8.3/armv7e-m/fpu\libgcc.a(_arm_addsubdf3.o)
 .ARM.attributes
                0x00000500       0x22 c:/program files (x86)/gnu tools arm embedded/4.8 2013q4/bin/../lib/gcc/arm-none-eabi/4.8.3/armv7e-m/fpu\libgcc.a(_arm_muldivdf3.o)
 .ARM.attributes
                0x00000522       0x22 c:/program files (x86)/gnu tools arm embedded/4.8 2013q4/bin/../lib/gcc/arm-none-eabi/4.8.3/armv7e-m/fpu\libgcc.a(_arm_fixunsdfsi.o)

.debug_frame    0x00000000     0x1dc4
 .debug_frame   0x00000000      0x1ec ..\obj\stm32f4xx_dac.o
 .debug_frame   0x000001ec       0x48 ..\obj\startup_stm32f4xx.o
 .debug_frame   0x00000234      0x1d4 ..\obj\main.o
 .debug_frame   0x00000408      0x4d8 ..\obj\stm32f4xx_rcc.o
 .debug_frame   0x000008e0      0x1c4 ..\obj\timers.o
 .debug_frame   0x00000aa4      0x244 ..\obj\printf.o
 .debug_frame   0x00000ce8      0x128 ..\obj\hd44780.o
 .debug_frame   0x00000e10      0x578 ..\obj\tasks.o
 .debug_frame   0x00001388      0x19c ..\obj\stm32f4xx_gpio.o
 .debug_frame   0x00001524       0x9c ..\obj\list.o
 .debug_frame   0x000015c0      0x108 ..\obj\syscalls.o
 .debug_frame   0x000016c8      0x188 ..\obj\port.o
 .debug_frame   0x00001850      0x37c ..\obj\queue.o
 .debug_frame   0x00001bcc       0x50 ..\obj\heap_3.o
 .debug_frame   0x00001c1c       0x30 ..\..\..\..\..\..\..\Program Files (x86)\GNU Tools ARM Embedded\4.8 2013q4\arm-none-eabi\lib\armv7e-m\fpu\libg.a(lib_a-malloc.o)
 .debug_frame   0x00001c4c       0x38 ..\..\..\..\..\..\..\Program Files (x86)\GNU Tools ARM Embedded\4.8 2013q4\arm-none-eabi\lib\armv7e-m\fpu\libg.a(lib_a-mallocr.o)
 .debug_frame   0x00001c84       0x2c ..\..\..\..\..\..\..\Program Files (x86)\GNU Tools ARM Embedded\4.8 2013q4\arm-none-eabi\lib\armv7e-m\fpu\libg.a(lib_a-memset.o)
 .debug_frame   0x00001cb0       0x30 ..\..\..\..\..\..\..\Program Files (x86)\GNU Tools ARM Embedded\4.8 2013q4\arm-none-eabi\lib\armv7e-m\fpu\libg.a(lib_a-mlock.o)
 .debug_frame   0x00001ce0       0x2c ..\..\..\..\..\..\..\Program Files (x86)\GNU Tools ARM Embedded\4.8 2013q4\arm-none-eabi\lib\armv7e-m\fpu\libg.a(lib_a-sbrkr.o)
 .debug_frame   0x00001d0c       0x20 ..\..\..\..\..\..\..\Program Files (x86)\GNU Tools ARM Embedded\4.8 2013q4\arm-none-eabi\lib\armv7e-m\fpu\libg.a(lib_a-strlen.o)
 .debug_frame   0x00001d2c       0x50 ..\..\..\..\..\..\..\Program Files (x86)\GNU Tools ARM Embedded\4.8 2013q4\arm-none-eabi\lib\armv7e-m\fpu\libg.a(lib_a-freer.o)
 .debug_frame   0x00001d7c       0x48 ..\..\..\..\..\..\..\Program Files (x86)\GNU Tools ARM Embedded\4.8 2013q4\arm-none-eabi\lib\armv7e-m\fpu\libg.a(lib_a-reent.o)
