Archive member included because of file (symbol)

..\..\..\..\..\..\..\Program Files (x86)\GNU Tools ARM Embedded\4.8 2013q4\arm-none-eabi\lib\armv7e-m\fpu\libg.a(lib_a-malloc.o)
                              ..\obj\heap_3.o (malloc)
..\..\..\..\..\..\..\Program Files (x86)\GNU Tools ARM Embedded\4.8 2013q4\arm-none-eabi\lib\armv7e-m\fpu\libg.a(lib_a-mallocr.o)
                              ..\..\..\..\..\..\..\Program Files (x86)\GNU Tools ARM Embedded\4.8 2013q4\arm-none-eabi\lib\armv7e-m\fpu\libg.a(lib_a-malloc.o) (_malloc_r)
..\..\..\..\..\..\..\Program Files (x86)\GNU Tools ARM Embedded\4.8 2013q4\arm-none-eabi\lib\armv7e-m\fpu\libg.a(lib_a-memcpy.o)
                              ..\obj\queue.o (memcpy)
..\..\..\..\..\..\..\Program Files (x86)\GNU Tools ARM Embedded\4.8 2013q4\arm-none-eabi\lib\armv7e-m\fpu\libg.a(lib_a-memset.o)
                              ..\obj\tasks.o (memset)
..\..\..\..\..\..\..\Program Files (x86)\GNU Tools ARM Embedded\4.8 2013q4\arm-none-eabi\lib\armv7e-m\fpu\libg.a(lib_a-mlock.o)
                              ..\..\..\..\..\..\..\Program Files (x86)\GNU Tools ARM Embedded\4.8 2013q4\arm-none-eabi\lib\armv7e-m\fpu\libg.a(lib_a-mallocr.o) (__malloc_lock)
..\..\..\..\..\..\..\Program Files (x86)\GNU Tools ARM Embedded\4.8 2013q4\arm-none-eabi\lib\armv7e-m\fpu\libg.a(lib_a-sbrkr.o)
                              ..\..\..\..\..\..\..\Program Files (x86)\GNU Tools ARM Embedded\4.8 2013q4\arm-none-eabi\lib\armv7e-m\fpu\libg.a(lib_a-mallocr.o) (_sbrk_r)
..\..\..\..\..\..\..\Program Files (x86)\GNU Tools ARM Embedded\4.8 2013q4\arm-none-eabi\lib\armv7e-m\fpu\libg.a(lib_a-freer.o)
                              ..\..\..\..\..\..\..\Program Files (x86)\GNU Tools ARM Embedded\4.8 2013q4\arm-none-eabi\lib\armv7e-m\fpu\libg.a(lib_a-malloc.o) (_free_r)
..\..\..\..\..\..\..\Program Files (x86)\GNU Tools ARM Embedded\4.8 2013q4\arm-none-eabi\lib\armv7e-m\fpu\libg.a(lib_a-impure.o)
                              ..\..\..\..\..\..\..\Program Files (x86)\GNU Tools ARM Embedded\4.8 2013q4\arm-none-eabi\lib\armv7e-m\fpu\libg.a(lib_a-malloc.o) (_impure_ptr)
..\..\..\..\..\..\..\Program Files (x86)\GNU Tools ARM Embedded\4.8 2013q4\arm-none-eabi\lib\armv7e-m\fpu\libg.a(lib_a-reent.o)
                              ..\..\..\..\..\..\..\Program Files (x86)\GNU Tools ARM Embedded\4.8 2013q4\arm-none-eabi\lib\armv7e-m\fpu\libg.a(lib_a-sbrkr.o) (errno)

Allocating common symbols
Common symbol       size              file

errno               0x4               ..\..\..\..\..\..\..\Program Files (x86)\GNU Tools ARM Embedded\4.8 2013q4\arm-none-eabi\lib\armv7e-m\fpu\libg.a(lib_a-reent.o)
xQueueRegistry      0x40              ..\obj\queue.o

Discarded input sections

 .text          0x00000000        0x0 ..\obj\startup_stm32f4xx.o
 .data          0x00000000        0x0 ..\obj\startup_stm32f4xx.o
 .bss           0x00000000        0x0 ..\obj\startup_stm32f4xx.o
 .text          0x00000000        0x0 ..\obj\main.o
 .data          0x00000000        0x0 ..\obj\main.o
 .text          0x00000000        0x0 ..\obj\stm32f4xx_rcc.o
 .data          0x00000000       0x10 ..\obj\stm32f4xx_rcc.o
 .bss           0x00000000        0x0 ..\obj\stm32f4xx_rcc.o
 .text.RCC_DeInit
                0x00000000       0x50 ..\obj\stm32f4xx_rcc.o
 .text.RCC_HSEConfig
                0x00000000       0x24 ..\obj\stm32f4xx_rcc.o
 .text.RCC_WaitForHSEStartUp
                0x00000000       0x50 ..\obj\stm32f4xx_rcc.o
 .text.RCC_AdjustHSICalibrationValue
                0x00000000       0x3c ..\obj\stm32f4xx_rcc.o
 .text.RCC_HSICmd
                0x00000000       0x20 ..\obj\stm32f4xx_rcc.o
 .text.RCC_LSEConfig
                0x00000000       0x40 ..\obj\stm32f4xx_rcc.o
 .text.RCC_LSICmd
                0x00000000       0x20 ..\obj\stm32f4xx_rcc.o
 .text.RCC_PLLConfig
                0x00000000       0x3c ..\obj\stm32f4xx_rcc.o
 .text.RCC_PLLCmd
                0x00000000       0x20 ..\obj\stm32f4xx_rcc.o
 .text.RCC_PLLI2SConfig
                0x00000000       0x28 ..\obj\stm32f4xx_rcc.o
 .text.RCC_PLLI2SCmd
                0x00000000       0x20 ..\obj\stm32f4xx_rcc.o
 .text.RCC_ClockSecuritySystemCmd
                0x00000000       0x20 ..\obj\stm32f4xx_rcc.o
 .text.RCC_MCO1Config
                0x00000000       0x3c ..\obj\stm32f4xx_rcc.o
 .text.RCC_MCO2Config
                0x00000000       0x3c ..\obj\stm32f4xx_rcc.o
 .text.RCC_SYSCLKConfig
                0x00000000       0x38 ..\obj\stm32f4xx_rcc.o
 .text.RCC_GetSYSCLKSource
                0x00000000       0x20 ..\obj\stm32f4xx_rcc.o
 .text.RCC_HCLKConfig
                0x00000000       0x38 ..\obj\stm32f4xx_rcc.o
 .text.RCC_PCLK1Config
                0x00000000       0x38 ..\obj\stm32f4xx_rcc.o
 .text.RCC_PCLK2Config
                0x00000000       0x38 ..\obj\stm32f4xx_rcc.o
 .text.RCC_GetClocksFreq
                0x00000000      0x154 ..\obj\stm32f4xx_rcc.o
 .text.RCC_RTCCLKConfig
                0x00000000       0x5c ..\obj\stm32f4xx_rcc.o
 .text.RCC_RTCCLKCmd
                0x00000000       0x20 ..\obj\stm32f4xx_rcc.o
 .text.RCC_BackupResetCmd
                0x00000000       0x20 ..\obj\stm32f4xx_rcc.o
 .text.RCC_I2SCLKConfig
                0x00000000       0x1c ..\obj\stm32f4xx_rcc.o
 .text.RCC_AHB2PeriphClockCmd
                0x00000000       0x3c ..\obj\stm32f4xx_rcc.o
 .text.RCC_AHB3PeriphClockCmd
                0x00000000       0x3c ..\obj\stm32f4xx_rcc.o
 .text.RCC_APB1PeriphClockCmd
                0x00000000       0x3c ..\obj\stm32f4xx_rcc.o
 .text.RCC_APB2PeriphClockCmd
                0x00000000       0x3c ..\obj\stm32f4xx_rcc.o
 .text.RCC_AHB1PeriphResetCmd
                0x00000000       0x3c ..\obj\stm32f4xx_rcc.o
 .text.RCC_AHB2PeriphResetCmd
                0x00000000       0x3c ..\obj\stm32f4xx_rcc.o
 .text.RCC_AHB3PeriphResetCmd
                0x00000000       0x3c ..\obj\stm32f4xx_rcc.o
 .text.RCC_APB1PeriphResetCmd
                0x00000000       0x3c ..\obj\stm32f4xx_rcc.o
 .text.RCC_APB2PeriphResetCmd
                0x00000000       0x3c ..\obj\stm32f4xx_rcc.o
 .text.RCC_AHB1PeriphClockLPModeCmd
                0x00000000       0x3c ..\obj\stm32f4xx_rcc.o
 .text.RCC_AHB2PeriphClockLPModeCmd
                0x00000000       0x3c ..\obj\stm32f4xx_rcc.o
 .text.RCC_AHB3PeriphClockLPModeCmd
                0x00000000       0x3c ..\obj\stm32f4xx_rcc.o
 .text.RCC_APB1PeriphClockLPModeCmd
                0x00000000       0x3c ..\obj\stm32f4xx_rcc.o
 .text.RCC_APB2PeriphClockLPModeCmd
                0x00000000       0x3c ..\obj\stm32f4xx_rcc.o
 .text.RCC_ITConfig
                0x00000000       0x48 ..\obj\stm32f4xx_rcc.o
 .text.RCC_GetFlagStatus
                0x00000000       0x74 ..\obj\stm32f4xx_rcc.o
 .text.RCC_ClearFlag
                0x00000000       0x1c ..\obj\stm32f4xx_rcc.o
 .text.RCC_GetITStatus
                0x00000000       0x38 ..\obj\stm32f4xx_rcc.o
 .text.RCC_ClearITPendingBit
                0x00000000       0x20 ..\obj\stm32f4xx_rcc.o
 .text          0x00000000        0x0 ..\obj\timers.o
 .data          0x00000000        0x0 ..\obj\timers.o
 .text.xTimerCreate
                0x00000000       0x6c ..\obj\timers.o
 .text.xTimerIsTimerActive
                0x00000000       0x30 ..\obj\timers.o
 .text.pvTimerGetTimerID
                0x00000000       0x1c ..\obj\timers.o
 .text          0x00000000        0x0 ..\obj\tasks.o
 .text.vTaskDelete
                0x00000000       0xa4 ..\obj\tasks.o
 .text.vTaskDelay
                0x00000000       0x64 ..\obj\tasks.o
 .text.uxTaskPriorityGet
                0x00000000       0x34 ..\obj\tasks.o
 .text.vTaskPrioritySet
                0x00000000      0x124 ..\obj\tasks.o
 .text.vTaskSuspend
                0x00000000       0xb0 ..\obj\tasks.o
 .text.prvTaskIsTaskSuspended
                0x00000000       0x64 ..\obj\tasks.o
 .text.vTaskResume
                0x00000000       0x9c ..\obj\tasks.o
 .text.xTaskResumeFromISR
                0x00000000       0xb8 ..\obj\tasks.o
 .text.vTaskEndScheduler
                0x00000000       0x18 ..\obj\tasks.o
 .text.xTaskGetTickCountFromISR
                0x00000000       0x2c ..\obj\tasks.o
 .text.uxTaskGetNumberOfTasks
                0x00000000       0x18 ..\obj\tasks.o
 .text.uxTaskGetSystemState
                0x00000000       0xf8 ..\obj\tasks.o
 .text.vTaskPlaceOnUnorderedEventList
                0x00000000       0x8c ..\obj\tasks.o
 .text.xTaskRemoveFromUnorderedEventList
                0x00000000       0xb0 ..\obj\tasks.o
 .text.uxTaskGetTaskNumber
                0x00000000       0x2c ..\obj\tasks.o
 .text.vTaskSetTaskNumber
                0x00000000       0x24 ..\obj\tasks.o
 .text.prvListTaskWithinSingleList
                0x00000000      0x118 ..\obj\tasks.o
 .text.prvTaskCheckFreeStackSpace
                0x00000000       0x38 ..\obj\tasks.o
 .text.uxTaskResetEventItemValue
                0x00000000       0x30 ..\obj\tasks.o
 .text          0x00000000        0x0 ..\obj\stm32f4xx_gpio.o
 .data          0x00000000        0x0 ..\obj\stm32f4xx_gpio.o
 .bss           0x00000000        0x0 ..\obj\stm32f4xx_gpio.o
 .text.GPIO_DeInit
                0x00000000      0x120 ..\obj\stm32f4xx_gpio.o
 .text.GPIO_StructInit
                0x00000000       0x34 ..\obj\stm32f4xx_gpio.o
 .text.GPIO_PinLockConfig
                0x00000000       0x44 ..\obj\stm32f4xx_gpio.o
 .text.GPIO_ReadInputDataBit
                0x00000000       0x34 ..\obj\stm32f4xx_gpio.o
 .text.GPIO_ReadInputData
                0x00000000       0x1c ..\obj\stm32f4xx_gpio.o
 .text.GPIO_ReadOutputDataBit
                0x00000000       0x34 ..\obj\stm32f4xx_gpio.o
 .text.GPIO_ReadOutputData
                0x00000000       0x1c ..\obj\stm32f4xx_gpio.o
 .text.GPIO_SetBits
                0x00000000       0x1c ..\obj\stm32f4xx_gpio.o
 .text.GPIO_ResetBits
                0x00000000       0x1c ..\obj\stm32f4xx_gpio.o
 .text.GPIO_WriteBit
                0x00000000       0x30 ..\obj\stm32f4xx_gpio.o
 .text.GPIO_Write
                0x00000000       0x1c ..\obj\stm32f4xx_gpio.o
 .text.GPIO_PinAFConfig
                0x00000000       0x8c ..\obj\stm32f4xx_gpio.o
 .text          0x00000000        0x0 ..\obj\list.o
 .data          0x00000000        0x0 ..\obj\list.o
 .bss           0x00000000        0x0 ..\obj\list.o
 .text          0x00000000        0x0 ..\obj\system_stm32f4xx.o
 .data          0x00000000       0x14 ..\obj\system_stm32f4xx.o
 .bss           0x00000000        0x0 ..\obj\system_stm32f4xx.o
 .text.SystemInit
                0x00000000       0x68 ..\obj\system_stm32f4xx.o
 .text.SystemCoreClockUpdate
                0x00000000       0xf8 ..\obj\system_stm32f4xx.o
 .text.SetSysClock
                0x00000000       0xf4 ..\obj\system_stm32f4xx.o
 .debug_info    0x00000000      0x566 ..\obj\system_stm32f4xx.o
 .debug_abbrev  0x00000000      0x136 ..\obj\system_stm32f4xx.o
 .debug_aranges
                0x00000000       0x30 ..\obj\system_stm32f4xx.o
 .debug_ranges  0x00000000       0x20 ..\obj\system_stm32f4xx.o
 .debug_line    0x00000000      0x178 ..\obj\system_stm32f4xx.o
 .debug_str     0x00000000      0x399 ..\obj\system_stm32f4xx.o
 .comment       0x00000000       0x71 ..\obj\system_stm32f4xx.o
 .ARM.attributes
                0x00000000       0x39 ..\obj\system_stm32f4xx.o
 .debug_frame   0x00000000       0x64 ..\obj\system_stm32f4xx.o
 .text          0x00000000        0x0 ..\obj\syscalls.o
 .data          0x00000000        0x0 ..\obj\syscalls.o
 .text.link     0x00000000       0x1c ..\obj\syscalls.o
 .text._close   0x00000000       0x18 ..\obj\syscalls.o
 .text._fstat   0x00000000       0x20 ..\obj\syscalls.o
 .text._isatty  0x00000000       0x18 ..\obj\syscalls.o
 .text._lseek   0x00000000       0x1c ..\obj\syscalls.o
 .text._read    0x00000000       0x1c ..\obj\syscalls.o
 .text._write   0x00000000       0x1c ..\obj\syscalls.o
 .text.abort    0x00000000        0x8 ..\obj\syscalls.o
 .text          0x00000000        0x0 ..\obj\port.o
 .rodata        0x00000000        0x4 ..\obj\port.o
 .text.vPortEndScheduler
                0x00000000       0x1c ..\obj\port.o
 .text          0x00000000        0x0 ..\obj\queue.o
 .data          0x00000000        0x0 ..\obj\queue.o
 .bss           0x00000000        0x0 ..\obj\queue.o
 .text.xQueueCreateMutex
                0x00000000       0x90 ..\obj\queue.o
 .text.xQueueGiveMutexRecursive
                0x00000000       0x58 ..\obj\queue.o
 .text.xQueueTakeMutexRecursive
                0x00000000       0x60 ..\obj\queue.o
 .text.xQueueCreateCountingSemaphore
                0x00000000       0x54 ..\obj\queue.o
 .text.xQueueReceiveFromISR
                0x00000000       0xb4 ..\obj\queue.o
 .text.xQueuePeekFromISR
                0x00000000       0x78 ..\obj\queue.o
 .text.uxQueueMessagesWaiting
                0x00000000       0x2c ..\obj\queue.o
 .text.uxQueueSpacesAvailable
                0x00000000       0x38 ..\obj\queue.o
 .text.uxQueueMessagesWaitingFromISR
                0x00000000       0x24 ..\obj\queue.o
 .text.vQueueDelete
                0x00000000       0x3c ..\obj\queue.o
 .text.uxQueueGetQueueNumber
                0x00000000       0x18 ..\obj\queue.o
 .text.vQueueSetQueueNumber
                0x00000000       0x1c ..\obj\queue.o
 .text.ucQueueGetQueueType
                0x00000000       0x1c ..\obj\queue.o
 .text.xQueueIsQueueEmptyFromISR
                0x00000000       0x30 ..\obj\queue.o
 .text.xQueueIsQueueFullFromISR
                0x00000000       0x34 ..\obj\queue.o
 .text.vQueueUnregisterQueue
                0x00000000       0x44 ..\obj\queue.o
 .text          0x00000000        0x0 ..\obj\croutine.o
 .data          0x00000000        0x0 ..\obj\croutine.o
 .bss           0x00000000       0x80 ..\obj\croutine.o
 .text.xCoRoutineCreate
                0x00000000       0xcc ..\obj\croutine.o
 .text.vCoRoutineAddToDelayedList
                0x00000000       0x84 ..\obj\croutine.o
 .text.prvCheckPendingReadyList
                0x00000000       0x78 ..\obj\croutine.o
 .text.prvCheckDelayedList
                0x00000000       0xf8 ..\obj\croutine.o
 .text.vCoRoutineSchedule
                0x00000000       0xa0 ..\obj\croutine.o
 .text.prvInitialiseCoRoutineLists
                0x00000000       0x68 ..\obj\croutine.o
 .text.xCoRoutineRemoveFromEventList
                0x00000000       0x50 ..\obj\croutine.o
 .debug_info    0x00000000      0x4c0 ..\obj\croutine.o
 .debug_abbrev  0x00000000      0x196 ..\obj\croutine.o
 .debug_aranges
                0x00000000       0x50 ..\obj\croutine.o
 .debug_ranges  0x00000000       0x40 ..\obj\croutine.o
 .debug_line    0x00000000      0x2a5 ..\obj\croutine.o
 .debug_str     0x00000000      0x4e0 ..\obj\croutine.o
 .comment       0x00000000       0x71 ..\obj\croutine.o
 .ARM.attributes
                0x00000000       0x39 ..\obj\croutine.o
 .debug_frame   0x00000000       0xf0 ..\obj\croutine.o
 .text          0x00000000        0x0 ..\obj\event_groups.o
 .data          0x00000000        0x0 ..\obj\event_groups.o
 .bss           0x00000000        0x0 ..\obj\event_groups.o
 .text.xEventGroupCreate
                0x00000000       0x30 ..\obj\event_groups.o
 .text.xEventGroupSync
                0x00000000      0x11c ..\obj\event_groups.o
 .text.xEventGroupWaitBits
                0x00000000      0x140 ..\obj\event_groups.o
 .text.xEventGroupClearBits
                0x00000000       0x44 ..\obj\event_groups.o
 .text.xEventGroupClearBitsFromISR
                0x00000000       0x48 ..\obj\event_groups.o
 .text.xEventGroupSetBits
                0x00000000       0xec ..\obj\event_groups.o
 .text.vEventGroupDelete
                0x00000000       0x50 ..\obj\event_groups.o
 .text.vEventGroupSetBitsCallback
                0x00000000       0x18 ..\obj\event_groups.o
 .text.prvTestWaitCondition
                0x00000000       0x44 ..\obj\event_groups.o
 .text.uxEventGroupGetNumber
                0x00000000       0x2c ..\obj\event_groups.o
 .debug_info    0x00000000      0x649 ..\obj\event_groups.o
 .debug_abbrev  0x00000000      0x14f ..\obj\event_groups.o
 .debug_aranges
                0x00000000       0x68 ..\obj\event_groups.o
 .debug_ranges  0x00000000       0x58 ..\obj\event_groups.o
 .debug_line    0x00000000      0x343 ..\obj\event_groups.o
 .debug_str     0x00000000      0x4e5 ..\obj\event_groups.o
 .comment       0x00000000       0x71 ..\obj\event_groups.o
 .ARM.attributes
                0x00000000       0x39 ..\obj\event_groups.o
 .debug_frame   0x00000000      0x148 ..\obj\event_groups.o
 .text          0x00000000        0x0 ..\obj\stm32f4xx_tim.o
 .data          0x00000000        0x0 ..\obj\stm32f4xx_tim.o
 .bss           0x00000000        0x0 ..\obj\stm32f4xx_tim.o
 .text.TIM_DeInit
                0x00000000      0x1bc ..\obj\stm32f4xx_tim.o
 .text.TIM_TimeBaseInit
                0x00000000       0xd4 ..\obj\stm32f4xx_tim.o
 .text.TIM_TimeBaseStructInit
                0x00000000       0x34 ..\obj\stm32f4xx_tim.o
 .text.TIM_PrescalerConfig
                0x00000000       0x28 ..\obj\stm32f4xx_tim.o
 .text.TIM_CounterModeConfig
                0x00000000       0x38 ..\obj\stm32f4xx_tim.o
 .text.TIM_SetCounter
                0x00000000       0x1c ..\obj\stm32f4xx_tim.o
 .text.TIM_SetAutoreload
                0x00000000       0x1c ..\obj\stm32f4xx_tim.o
 .text.TIM_GetCounter
                0x00000000       0x18 ..\obj\stm32f4xx_tim.o
 .text.TIM_GetPrescaler
                0x00000000       0x1c ..\obj\stm32f4xx_tim.o
 .text.TIM_UpdateDisableConfig
                0x00000000       0x40 ..\obj\stm32f4xx_tim.o
 .text.TIM_UpdateRequestConfig
                0x00000000       0x40 ..\obj\stm32f4xx_tim.o
 .text.TIM_ARRPreloadConfig
                0x00000000       0x40 ..\obj\stm32f4xx_tim.o
 .text.TIM_SelectOnePulseMode
                0x00000000       0x38 ..\obj\stm32f4xx_tim.o
 .text.TIM_SetClockDivision
                0x00000000       0x38 ..\obj\stm32f4xx_tim.o
 .text.TIM_Cmd  0x00000000       0x40 ..\obj\stm32f4xx_tim.o
 .text.TIM_OC1Init
                0x00000000       0xf4 ..\obj\stm32f4xx_tim.o
 .text.TIM_OC2Init
                0x00000000      0x110 ..\obj\stm32f4xx_tim.o
 .text.TIM_OC3Init
                0x00000000      0x10c ..\obj\stm32f4xx_tim.o
 .text.TIM_OC4Init
                0x00000000       0xcc ..\obj\stm32f4xx_tim.o
 .text.TIM_OCStructInit
                0x00000000       0x44 ..\obj\stm32f4xx_tim.o
 .text.TIM_SelectOCxM
                0x00000000       0xac ..\obj\stm32f4xx_tim.o
 .text.TIM_SetCompare1
                0x00000000       0x1c ..\obj\stm32f4xx_tim.o
 .text.TIM_SetCompare2
                0x00000000       0x1c ..\obj\stm32f4xx_tim.o
 .text.TIM_SetCompare3
                0x00000000       0x1c ..\obj\stm32f4xx_tim.o
 .text.TIM_SetCompare4
                0x00000000       0x1c ..\obj\stm32f4xx_tim.o
 .text.TIM_ForcedOC1Config
                0x00000000       0x38 ..\obj\stm32f4xx_tim.o
 .text.TIM_ForcedOC2Config
                0x00000000       0x3c ..\obj\stm32f4xx_tim.o
 .text.TIM_ForcedOC3Config
                0x00000000       0x38 ..\obj\stm32f4xx_tim.o
 .text.TIM_ForcedOC4Config
                0x00000000       0x3c ..\obj\stm32f4xx_tim.o
 .text.TIM_OC1PreloadConfig
                0x00000000       0x38 ..\obj\stm32f4xx_tim.o
 .text.TIM_OC2PreloadConfig
                0x00000000       0x3c ..\obj\stm32f4xx_tim.o
 .text.TIM_OC3PreloadConfig
                0x00000000       0x38 ..\obj\stm32f4xx_tim.o
 .text.TIM_OC4PreloadConfig
                0x00000000       0x3c ..\obj\stm32f4xx_tim.o
 .text.TIM_OC1FastConfig
                0x00000000       0x38 ..\obj\stm32f4xx_tim.o
 .text.TIM_OC2FastConfig
                0x00000000       0x3c ..\obj\stm32f4xx_tim.o
 .text.TIM_OC3FastConfig
                0x00000000       0x38 ..\obj\stm32f4xx_tim.o
 .text.TIM_OC4FastConfig
                0x00000000       0x3c ..\obj\stm32f4xx_tim.o
 .text.TIM_ClearOC1Ref
                0x00000000       0x38 ..\obj\stm32f4xx_tim.o
 .text.TIM_ClearOC2Ref
                0x00000000       0x3c ..\obj\stm32f4xx_tim.o
 .text.TIM_ClearOC3Ref
                0x00000000       0x38 ..\obj\stm32f4xx_tim.o
 .text.TIM_ClearOC4Ref
                0x00000000       0x3c ..\obj\stm32f4xx_tim.o
 .text.TIM_OC1PolarityConfig
                0x00000000       0x38 ..\obj\stm32f4xx_tim.o
 .text.TIM_OC1NPolarityConfig
                0x00000000       0x38 ..\obj\stm32f4xx_tim.o
 .text.TIM_OC2PolarityConfig
                0x00000000       0x3c ..\obj\stm32f4xx_tim.o
 .text.TIM_OC2NPolarityConfig
                0x00000000       0x3c ..\obj\stm32f4xx_tim.o
 .text.TIM_OC3PolarityConfig
                0x00000000       0x3c ..\obj\stm32f4xx_tim.o
 .text.TIM_OC3NPolarityConfig
                0x00000000       0x3c ..\obj\stm32f4xx_tim.o
 .text.TIM_OC4PolarityConfig
                0x00000000       0x3c ..\obj\stm32f4xx_tim.o
 .text.TIM_CCxCmd
                0x00000000       0x54 ..\obj\stm32f4xx_tim.o
 .text.TIM_CCxNCmd
                0x00000000       0x54 ..\obj\stm32f4xx_tim.o
 .text.TIM_ICInit
                0x00000000       0xa8 ..\obj\stm32f4xx_tim.o
 .text.TIM_ICStructInit
                0x00000000       0x30 ..\obj\stm32f4xx_tim.o
 .text.TIM_PWMIConfig
                0x00000000       0xb8 ..\obj\stm32f4xx_tim.o
 .text.TIM_GetCapture1
                0x00000000       0x18 ..\obj\stm32f4xx_tim.o
 .text.TIM_GetCapture2
                0x00000000       0x18 ..\obj\stm32f4xx_tim.o
 .text.TIM_GetCapture3
                0x00000000       0x18 ..\obj\stm32f4xx_tim.o
 .text.TIM_GetCapture4
                0x00000000       0x18 ..\obj\stm32f4xx_tim.o
 .text.TIM_SetIC1Prescaler
                0x00000000       0x38 ..\obj\stm32f4xx_tim.o
 .text.TIM_SetIC2Prescaler
                0x00000000       0x3c ..\obj\stm32f4xx_tim.o
 .text.TIM_SetIC3Prescaler
                0x00000000       0x38 ..\obj\stm32f4xx_tim.o
 .text.TIM_SetIC4Prescaler
                0x00000000       0x3c ..\obj\stm32f4xx_tim.o
 .text.TIM_BDTRConfig
                0x00000000       0x50 ..\obj\stm32f4xx_tim.o
 .text.TIM_BDTRStructInit
                0x00000000       0x3c ..\obj\stm32f4xx_tim.o
 .text.TIM_CtrlPWMOutputs
                0x00000000       0x4c ..\obj\stm32f4xx_tim.o
 .text.TIM_SelectCOM
                0x00000000       0x40 ..\obj\stm32f4xx_tim.o
 .text.TIM_CCPreloadControl
                0x00000000       0x40 ..\obj\stm32f4xx_tim.o
 .text.TIM_ITConfig
                0x00000000       0x48 ..\obj\stm32f4xx_tim.o
 .text.TIM_GenerateEvent
                0x00000000       0x1c ..\obj\stm32f4xx_tim.o
 .text.TIM_GetFlagStatus
                0x00000000       0x38 ..\obj\stm32f4xx_tim.o
 .text.TIM_ClearFlag
                0x00000000       0x20 ..\obj\stm32f4xx_tim.o
 .text.TIM_GetITStatus
                0x00000000       0x54 ..\obj\stm32f4xx_tim.o
 .text.TIM_ClearITPendingBit
                0x00000000       0x20 ..\obj\stm32f4xx_tim.o
 .text.TIM_DMAConfig
                0x00000000       0x28 ..\obj\stm32f4xx_tim.o
 .text.TIM_DMACmd
                0x00000000       0x48 ..\obj\stm32f4xx_tim.o
 .text.TIM_SelectCCDMA
                0x00000000       0x40 ..\obj\stm32f4xx_tim.o
 .text.TIM_InternalClockConfig
                0x00000000       0x24 ..\obj\stm32f4xx_tim.o
 .text.TIM_ITRxExternalClockConfig
                0x00000000       0x2c ..\obj\stm32f4xx_tim.o
 .text.TIM_TIxExternalClockConfig
                0x00000000       0x54 ..\obj\stm32f4xx_tim.o
 .text.TIM_ETRClockMode1Config
                0x00000000       0x50 ..\obj\stm32f4xx_tim.o
 .text.TIM_ETRClockMode2Config
                0x00000000       0x30 ..\obj\stm32f4xx_tim.o
 .text.TIM_SelectInputTrigger
                0x00000000       0x38 ..\obj\stm32f4xx_tim.o
 .text.TIM_SelectOutputTrigger
                0x00000000       0x38 ..\obj\stm32f4xx_tim.o
 .text.TIM_SelectSlaveMode
                0x00000000       0x38 ..\obj\stm32f4xx_tim.o
 .text.TIM_SelectMasterSlaveMode
                0x00000000       0x38 ..\obj\stm32f4xx_tim.o
 .text.TIM_ETRConfig
                0x00000000       0x48 ..\obj\stm32f4xx_tim.o
 .text.TIM_EncoderInterfaceConfig
                0x00000000       0x8c ..\obj\stm32f4xx_tim.o
 .text.TIM_SelectHallSensor
                0x00000000       0x40 ..\obj\stm32f4xx_tim.o
 .text.TIM_RemapConfig
                0x00000000       0x20 ..\obj\stm32f4xx_tim.o
 .text.TI1_Config
                0x00000000       0x78 ..\obj\stm32f4xx_tim.o
 .text.TI2_Config
                0x00000000       0x8c ..\obj\stm32f4xx_tim.o
 .text.TI3_Config
                0x00000000       0x84 ..\obj\stm32f4xx_tim.o
 .text.TI4_Config
                0x00000000       0x90 ..\obj\stm32f4xx_tim.o
 .debug_info    0x00000000     0x1c35 ..\obj\stm32f4xx_tim.o
 .debug_abbrev  0x00000000      0x187 ..\obj\stm32f4xx_tim.o
 .debug_aranges
                0x00000000      0x2f8 ..\obj\stm32f4xx_tim.o
 .debug_ranges  0x00000000      0x2e8 ..\obj\stm32f4xx_tim.o
 .debug_line    0x00000000      0x9e1 ..\obj\stm32f4xx_tim.o
 .debug_str     0x00000000      0xdbf ..\obj\stm32f4xx_tim.o
 .comment       0x00000000       0x71 ..\obj\stm32f4xx_tim.o
 .ARM.attributes
                0x00000000       0x39 ..\obj\stm32f4xx_tim.o
 .debug_frame   0x00000000      0xa3c ..\obj\stm32f4xx_tim.o
 .text          0x00000000        0x0 ..\obj\heap_3.o
 .data          0x00000000        0x0 ..\obj\heap_3.o
 .bss           0x00000000        0x0 ..\obj\heap_3.o
 .text          0x00000000        0x0 ..\..\..\..\..\..\..\Program Files (x86)\GNU Tools ARM Embedded\4.8 2013q4\arm-none-eabi\lib\armv7e-m\fpu\libg.a(lib_a-malloc.o)
 .data          0x00000000        0x0 ..\..\..\..\..\..\..\Program Files (x86)\GNU Tools ARM Embedded\4.8 2013q4\arm-none-eabi\lib\armv7e-m\fpu\libg.a(lib_a-malloc.o)
 .bss           0x00000000        0x0 ..\..\..\..\..\..\..\Program Files (x86)\GNU Tools ARM Embedded\4.8 2013q4\arm-none-eabi\lib\armv7e-m\fpu\libg.a(lib_a-malloc.o)
 .text          0x00000000        0x0 ..\..\..\..\..\..\..\Program Files (x86)\GNU Tools ARM Embedded\4.8 2013q4\arm-none-eabi\lib\armv7e-m\fpu\libg.a(lib_a-mallocr.o)
 .data          0x00000000        0x0 ..\..\..\..\..\..\..\Program Files (x86)\GNU Tools ARM Embedded\4.8 2013q4\arm-none-eabi\lib\armv7e-m\fpu\libg.a(lib_a-mallocr.o)
 .bss           0x00000000        0x0 ..\..\..\..\..\..\..\Program Files (x86)\GNU Tools ARM Embedded\4.8 2013q4\arm-none-eabi\lib\armv7e-m\fpu\libg.a(lib_a-mallocr.o)
 .data          0x00000000        0x0 ..\..\..\..\..\..\..\Program Files (x86)\GNU Tools ARM Embedded\4.8 2013q4\arm-none-eabi\lib\armv7e-m\fpu\libg.a(lib_a-memcpy.o)
 .bss           0x00000000        0x0 ..\..\..\..\..\..\..\Program Files (x86)\GNU Tools ARM Embedded\4.8 2013q4\arm-none-eabi\lib\armv7e-m\fpu\libg.a(lib_a-memcpy.o)
 .text          0x00000000        0x0 ..\..\..\..\..\..\..\Program Files (x86)\GNU Tools ARM Embedded\4.8 2013q4\arm-none-eabi\lib\armv7e-m\fpu\libg.a(lib_a-memset.o)
 .data          0x00000000        0x0 ..\..\..\..\..\..\..\Program Files (x86)\GNU Tools ARM Embedded\4.8 2013q4\arm-none-eabi\lib\armv7e-m\fpu\libg.a(lib_a-memset.o)
 .bss           0x00000000        0x0 ..\..\..\..\..\..\..\Program Files (x86)\GNU Tools ARM Embedded\4.8 2013q4\arm-none-eabi\lib\armv7e-m\fpu\libg.a(lib_a-memset.o)
 .text          0x00000000        0x0 ..\..\..\..\..\..\..\Program Files (x86)\GNU Tools ARM Embedded\4.8 2013q4\arm-none-eabi\lib\armv7e-m\fpu\libg.a(lib_a-mlock.o)
 .data          0x00000000        0x0 ..\..\..\..\..\..\..\Program Files (x86)\GNU Tools ARM Embedded\4.8 2013q4\arm-none-eabi\lib\armv7e-m\fpu\libg.a(lib_a-mlock.o)
 .bss           0x00000000        0x0 ..\..\..\..\..\..\..\Program Files (x86)\GNU Tools ARM Embedded\4.8 2013q4\arm-none-eabi\lib\armv7e-m\fpu\libg.a(lib_a-mlock.o)
 .text          0x00000000        0x0 ..\..\..\..\..\..\..\Program Files (x86)\GNU Tools ARM Embedded\4.8 2013q4\arm-none-eabi\lib\armv7e-m\fpu\libg.a(lib_a-sbrkr.o)
 .data          0x00000000        0x0 ..\..\..\..\..\..\..\Program Files (x86)\GNU Tools ARM Embedded\4.8 2013q4\arm-none-eabi\lib\armv7e-m\fpu\libg.a(lib_a-sbrkr.o)
 .bss           0x00000000        0x0 ..\..\..\..\..\..\..\Program Files (x86)\GNU Tools ARM Embedded\4.8 2013q4\arm-none-eabi\lib\armv7e-m\fpu\libg.a(lib_a-sbrkr.o)
 .text          0x00000000        0x0 ..\..\..\..\..\..\..\Program Files (x86)\GNU Tools ARM Embedded\4.8 2013q4\arm-none-eabi\lib\armv7e-m\fpu\libg.a(lib_a-freer.o)
 .data          0x00000000        0x0 ..\..\..\..\..\..\..\Program Files (x86)\GNU Tools ARM Embedded\4.8 2013q4\arm-none-eabi\lib\armv7e-m\fpu\libg.a(lib_a-freer.o)
 .bss           0x00000000        0x0 ..\..\..\..\..\..\..\Program Files (x86)\GNU Tools ARM Embedded\4.8 2013q4\arm-none-eabi\lib\armv7e-m\fpu\libg.a(lib_a-freer.o)
 .text          0x00000000        0x0 ..\..\..\..\..\..\..\Program Files (x86)\GNU Tools ARM Embedded\4.8 2013q4\arm-none-eabi\lib\armv7e-m\fpu\libg.a(lib_a-impure.o)
 .data          0x00000000        0x0 ..\..\..\..\..\..\..\Program Files (x86)\GNU Tools ARM Embedded\4.8 2013q4\arm-none-eabi\lib\armv7e-m\fpu\libg.a(lib_a-impure.o)
 .bss           0x00000000        0x0 ..\..\..\..\..\..\..\Program Files (x86)\GNU Tools ARM Embedded\4.8 2013q4\arm-none-eabi\lib\armv7e-m\fpu\libg.a(lib_a-impure.o)
 .rodata._global_impure_ptr
                0x00000000        0x4 ..\..\..\..\..\..\..\Program Files (x86)\GNU Tools ARM Embedded\4.8 2013q4\arm-none-eabi\lib\armv7e-m\fpu\libg.a(lib_a-impure.o)
 .text          0x00000000        0x0 ..\..\..\..\..\..\..\Program Files (x86)\GNU Tools ARM Embedded\4.8 2013q4\arm-none-eabi\lib\armv7e-m\fpu\libg.a(lib_a-reent.o)
 .data          0x00000000        0x0 ..\..\..\..\..\..\..\Program Files (x86)\GNU Tools ARM Embedded\4.8 2013q4\arm-none-eabi\lib\armv7e-m\fpu\libg.a(lib_a-reent.o)
 .bss           0x00000000        0x0 ..\..\..\..\..\..\..\Program Files (x86)\GNU Tools ARM Embedded\4.8 2013q4\arm-none-eabi\lib\armv7e-m\fpu\libg.a(lib_a-reent.o)
 .text.cleanup_glue
                0x00000000       0x1c ..\..\..\..\..\..\..\Program Files (x86)\GNU Tools ARM Embedded\4.8 2013q4\arm-none-eabi\lib\armv7e-m\fpu\libg.a(lib_a-reent.o)
 .text._reclaim_reent
                0x00000000       0x90 ..\..\..\..\..\..\..\Program Files (x86)\GNU Tools ARM Embedded\4.8 2013q4\arm-none-eabi\lib\armv7e-m\fpu\libg.a(lib_a-reent.o)

Memory Configuration

Name             Origin             Length             Attributes
rom              0x08000000         0x00040000         xr
ram              0x20000000         0x00010000         xrw
*default*        0x00000000         0xffffffff

Linker script and memory map

                0x20010000                _eram = 0x20010000

.text           0x08000000     0x2d84
 *(.isr_vector)
 .isr_vector    0x08000000      0x188 ..\obj\startup_stm32f4xx.o
                0x08000000                g_pfnVectors
 *(.text*)
 .text.Default_Reset_Handler
                0x08000188       0x6c ..\obj\startup_stm32f4xx.o
                0x08000188                Default_Reset_Handler
                0x08000188                Reset_Handler
 .text.Default_Handler
                0x080001f4        0x8 ..\obj\startup_stm32f4xx.o
                0x080001f4                RTC_Alarm_IRQHandler
                0x080001f4                HASH_RNG_IRQHandler
                0x080001f4                EXTI2_IRQHandler
                0x080001f4                TIM8_CC_IRQHandler
                0x080001f4                DebugMon_Handler
                0x080001f4                TIM1_CC_IRQHandler
                0x080001f4                DMA2_Stream5_IRQHandler
                0x080001f4                HardFault_Handler
                0x080001f4                DMA1_Stream5_IRQHandler
                0x080001f4                PVD_IRQHandler
                0x080001f4                SDIO_IRQHandler
                0x080001f4                TAMP_STAMP_IRQHandler
                0x080001f4                NMI_Handler
                0x080001f4                CAN2_RX1_IRQHandler
                0x080001f4                EXTI3_IRQHandler
                0x080001f4                TIM8_TRG_COM_TIM14_IRQHandler
                0x080001f4                TIM1_UP_TIM10_IRQHandler
                0x080001f4                TIM8_UP_TIM13_IRQHandler
                0x080001f4                I2C3_ER_IRQHandler
                0x080001f4                EXTI0_IRQHandler
                0x080001f4                I2C2_EV_IRQHandler
                0x080001f4                DMA1_Stream2_IRQHandler
                0x080001f4                CAN1_RX0_IRQHandler
                0x080001f4                FPU_IRQHandler
                0x080001f4                OTG_HS_WKUP_IRQHandler
                0x080001f4                UsageFault_Handler
                0x080001f4                CAN2_SCE_IRQHandler
                0x080001f4                DMA2_Stream2_IRQHandler
                0x080001f4                SPI1_IRQHandler
                0x080001f4                TIM6_DAC_IRQHandler
                0x080001f4                TIM1_BRK_TIM9_IRQHandler
                0x080001f4                DCMI_IRQHandler
                0x080001f4                CAN2_RX0_IRQHandler
                0x080001f4                DMA2_Stream3_IRQHandler
                0x080001f4                USART6_IRQHandler
                0x080001f4                USART3_IRQHandler
                0x080001f4                CRYP_IRQHandler
                0x080001f4                CAN1_RX1_IRQHandler
                0x080001f4                UART5_IRQHandler
                0x080001f4                DMA2_Stream0_IRQHandler
                0x080001f4                TIM4_IRQHandler
                0x080001f4                I2C1_EV_IRQHandler
                0x080001f4                DMA1_Stream6_IRQHandler
                0x080001f4                DMA1_Stream1_IRQHandler
                0x080001f4                UART4_IRQHandler
                0x080001f4                TIM3_IRQHandler
                0x080001f4                RCC_IRQHandler
                0x080001f4                TIM8_BRK_TIM12_IRQHandler
                0x080001f4                EXTI15_10_IRQHandler
                0x080001f4                ADC_IRQHandler
                0x080001f4                DMA1_Stream7_IRQHandler
                0x080001f4                TIM7_IRQHandler
                0x080001f4                CAN2_TX_IRQHandler
                0x080001f4                TIM5_IRQHandler
                0x080001f4                DMA2_Stream7_IRQHandler
                0x080001f4                I2C3_EV_IRQHandler
                0x080001f4                EXTI9_5_IRQHandler
                0x080001f4                RTC_WKUP_IRQHandler
                0x080001f4                ETH_WKUP_IRQHandler
                0x080001f4                SPI2_IRQHandler
                0x080001f4                OTG_HS_EP1_IN_IRQHandler
                0x080001f4                MemManage_Handler
                0x080001f4                DMA1_Stream0_IRQHandler
                0x080001f4                CAN1_TX_IRQHandler
                0x080001f4                EXTI4_IRQHandler
                0x080001f4                FSMC_IRQHandler
                0x080001f4                ETH_IRQHandler
                0x080001f4                OTG_HS_EP1_OUT_IRQHandler
                0x080001f4                WWDG_IRQHandler
                0x080001f4                TIM2_IRQHandler
                0x080001f4                OTG_FS_WKUP_IRQHandler
                0x080001f4                TIM1_TRG_COM_TIM11_IRQHandler
                0x080001f4                OTG_HS_IRQHandler
                0x080001f4                EXTI1_IRQHandler
                0x080001f4                USART2_IRQHandler
                0x080001f4                I2C2_ER_IRQHandler
                0x080001f4                DMA2_Stream1_IRQHandler
                0x080001f4                CAN1_SCE_IRQHandler
                0x080001f4                FLASH_IRQHandler
                0x080001f4                DMA2_Stream4_IRQHandler
                0x080001f4                BusFault_Handler
                0x080001f4                USART1_IRQHandler
                0x080001f4                OTG_FS_IRQHandler
                0x080001f4                SPI3_IRQHandler
                0x080001f4                DMA1_Stream4_IRQHandler
                0x080001f4                I2C1_ER_IRQHandler
                0x080001f4                DMA2_Stream6_IRQHandler
                0x080001f4                DMA1_Stream3_IRQHandler
 .text.GPIOInit
                0x080001fc       0x38 ..\obj\main.o
                0x080001fc                GPIOInit
 .text.myTask1  0x08000234       0x28 ..\obj\main.o
                0x08000234                myTask1
 .text.myTask2  0x0800025c       0x28 ..\obj\main.o
                0x0800025c                myTask2
 .text.main     0x08000284       0x58 ..\obj\main.o
                0x08000284                main
 .text.vApplicationTickHook
                0x080002dc       0x24 ..\obj\main.o
                0x080002dc                vApplicationTickHook
 .text.vApplicationIdleHook
                0x08000300       0x24 ..\obj\main.o
                0x08000300                vApplicationIdleHook
 .text.vApplicationMallocFailedHook
                0x08000324        0xc ..\obj\main.o
                0x08000324                vApplicationMallocFailedHook
 .text.RCC_AHB1PeriphClockCmd
                0x08000330       0x3c ..\obj\stm32f4xx_rcc.o
                0x08000330                RCC_AHB1PeriphClockCmd
 .text.xTimerCreateTimerTask
                0x0800036c       0x58 ..\obj\timers.o
                0x0800036c                xTimerCreateTimerTask
 .text.xTimerGenericCommand
                0x080003c4       0x8c ..\obj\timers.o
                0x080003c4                xTimerGenericCommand
 .text.prvProcessExpiredTimer
                0x08000450       0x70 ..\obj\timers.o
 .text.prvTimerTask
                0x080004c0       0x24 ..\obj\timers.o
 .text.prvProcessTimerOrBlockTask
                0x080004e4       0x6c ..\obj\timers.o
 .text.prvGetNextExpireTime
                0x08000550       0x48 ..\obj\timers.o
 .text.prvSampleTimeNow
                0x08000598       0x40 ..\obj\timers.o
 .text.prvInsertTimerInActiveList
                0x080005d8       0x84 ..\obj\timers.o
 .text.prvProcessReceivedCommands
                0x0800065c      0x110 ..\obj\timers.o
 .text.prvSwitchTimerLists
                0x0800076c       0xb0 ..\obj\timers.o
 .text.prvCheckForValidListAndQueue
                0x0800081c       0x78 ..\obj\timers.o
 .text.xTaskGenericCreate
                0x08000894      0x168 ..\obj\tasks.o
                0x08000894                xTaskGenericCreate
 .text.vTaskDelayUntil
                0x080009fc       0xc0 ..\obj\tasks.o
                0x080009fc                vTaskDelayUntil
 .text.vTaskStartScheduler
                0x08000abc       0x70 ..\obj\tasks.o
                0x08000abc                vTaskStartScheduler
 .text.vTaskSuspendAll
                0x08000b2c       0x1c ..\obj\tasks.o
                0x08000b2c                vTaskSuspendAll
 .text.xTaskResumeAll
                0x08000b48      0x10c ..\obj\tasks.o
                0x08000b48                xTaskResumeAll
 .text.xTaskGetTickCount
                0x08000c54       0x24 ..\obj\tasks.o
                0x08000c54                xTaskGetTickCount
 .text.xTaskIncrementTick
                0x08000c78      0x180 ..\obj\tasks.o
                0x08000c78                xTaskIncrementTick
 .text.vTaskSwitchContext
                0x08000df8       0xa4 ..\obj\tasks.o
                0x08000df8                vTaskSwitchContext
 .text.vTaskPlaceOnEventList
                0x08000e9c       0x6c ..\obj\tasks.o
                0x08000e9c                vTaskPlaceOnEventList
 .text.vTaskPlaceOnEventListRestricted
                0x08000f08       0x50 ..\obj\tasks.o
                0x08000f08                vTaskPlaceOnEventListRestricted
 .text.xTaskRemoveFromEventList
                0x08000f58       0xb8 ..\obj\tasks.o
                0x08000f58                xTaskRemoveFromEventList
 .text.vTaskSetTimeOutState
                0x08001010       0x34 ..\obj\tasks.o
                0x08001010                vTaskSetTimeOutState
 .text.xTaskCheckForTimeOut
                0x08001044       0xa0 ..\obj\tasks.o
                0x08001044                xTaskCheckForTimeOut
 .text.vTaskMissedYield
                0x080010e4       0x18 ..\obj\tasks.o
                0x080010e4                vTaskMissedYield
 .text.prvIdleTask
                0x080010fc       0x24 ..\obj\tasks.o
 .text.prvInitialiseTCBVariables
                0x08001120       0x90 ..\obj\tasks.o
 .text.prvInitialiseTaskLists
                0x080011b0       0x7c ..\obj\tasks.o
 .text.prvCheckTasksWaitingTermination
                0x0800122c       0x74 ..\obj\tasks.o
 .text.prvAddCurrentTaskToDelayedList
                0x080012a0       0x6c ..\obj\tasks.o
 .text.prvAllocateTCBAndStack
                0x0800130c       0x64 ..\obj\tasks.o
 .text.prvDeleteTCB
                0x08001370       0x20 ..\obj\tasks.o
 .text.prvResetNextTaskUnblockTime
                0x08001390       0x48 ..\obj\tasks.o
 .text.xTaskGetCurrentTaskHandle
                0x080013d8       0x20 ..\obj\tasks.o
                0x080013d8                xTaskGetCurrentTaskHandle
 .text.xTaskGetSchedulerState
                0x080013f8       0x3c ..\obj\tasks.o
                0x080013f8                xTaskGetSchedulerState
 .text.vTaskPriorityInherit
                0x08001434       0xbc ..\obj\tasks.o
                0x08001434                vTaskPriorityInherit
 .text.vTaskPriorityDisinherit
                0x080014f0       0x84 ..\obj\tasks.o
                0x080014f0                vTaskPriorityDisinherit
 .text.GPIO_Init
                0x08001574      0x11c ..\obj\stm32f4xx_gpio.o
                0x08001574                GPIO_Init
 .text.GPIO_ToggleBits
                0x08001690       0x24 ..\obj\stm32f4xx_gpio.o
                0x08001690                GPIO_ToggleBits
 .text.vListInitialise
                0x080016b4       0x40 ..\obj\list.o
                0x080016b4                vListInitialise
 .text.vListInitialiseItem
                0x080016f4       0x18 ..\obj\list.o
                0x080016f4                vListInitialiseItem
 .text.vListInsertEnd
                0x0800170c       0x48 ..\obj\list.o
                0x0800170c                vListInsertEnd
 .text.vListInsert
                0x08001754       0x70 ..\obj\list.o
                0x08001754                vListInsert
 .text.uxListRemove
                0x080017c4       0x54 ..\obj\list.o
                0x080017c4                uxListRemove
 .text._sbrk    0x08001818       0x40 ..\obj\syscalls.o
                0x08001818                _sbrk
 .text.pxPortInitialiseStack
                0x08001858       0x64 ..\obj\port.o
                0x08001858                pxPortInitialiseStack
 .text.prvTaskExitError
                0x080018bc       0x20 ..\obj\port.o
 .text.SVC_Handler
                0x080018dc       0x20 ..\obj\port.o
                0x080018dc                SVC_Handler
 .text.prvPortStartFirstTask
                0x080018fc       0x1c ..\obj\port.o
 .text.xPortStartScheduler
                0x08001918       0xd0 ..\obj\port.o
                0x08001918                xPortStartScheduler
 .text.vPortYield
                0x080019e8       0x20 ..\obj\port.o
                0x080019e8                vPortYield
 .text.vPortEnterCritical
                0x08001a08       0x20 ..\obj\port.o
                0x08001a08                vPortEnterCritical
 .text.vPortExitCritical
                0x08001a28       0x30 ..\obj\port.o
                0x08001a28                vPortExitCritical
 .text.ulPortSetInterruptMask
                0x08001a58       0x14 ..\obj\port.o
                0x08001a58                ulPortSetInterruptMask
 .text.vPortClearInterruptMask
                0x08001a6c        0x8 ..\obj\port.o
                0x08001a6c                vPortClearInterruptMask
 .text.PendSV_Handler
                0x08001a74       0x58 ..\obj\port.o
                0x08001a74                PendSV_Handler
 .text.SysTick_Handler
                0x08001acc       0x28 ..\obj\port.o
                0x08001acc                SysTick_Handler
 .text.vPortSetupTimerInterrupt
                0x08001af4       0x24 ..\obj\port.o
                0x08001af4                vPortSetupTimerInterrupt
 .text.vPortEnableVFP
                0x08001b18       0x14 ..\obj\port.o
 .text.vPortValidateInterruptPriority
                0x08001b2c       0x58 ..\obj\port.o
                0x08001b2c                vPortValidateInterruptPriority
 .text.xQueueGenericReset
                0x08001b84       0xb0 ..\obj\queue.o
                0x08001b84                xQueueGenericReset
 .text.xQueueGenericCreate
                0x08001c34       0x84 ..\obj\queue.o
                0x08001c34                xQueueGenericCreate
 .text.xQueueGenericSend
                0x08001cb8      0x180 ..\obj\queue.o
                0x08001cb8                xQueueGenericSend
 .text.xQueueGenericSendFromISR
                0x08001e38       0xd4 ..\obj\queue.o
                0x08001e38                xQueueGenericSendFromISR
 .text.xQueueGenericReceive
                0x08001f0c      0x1bc ..\obj\queue.o
                0x08001f0c                xQueueGenericReceive
 .text.prvCopyDataToQueue
                0x080020c8       0xd0 ..\obj\queue.o
 .text.prvCopyDataFromQueue
                0x08002198       0x4c ..\obj\queue.o
 .text.prvUnlockQueue
                0x080021e4       0x98 ..\obj\queue.o
 .text.prvIsQueueEmpty
                0x0800227c       0x2c ..\obj\queue.o
 .text.prvIsQueueFull
                0x080022a8       0x30 ..\obj\queue.o
 .text.vQueueAddToRegistry
                0x080022d8       0x50 ..\obj\queue.o
                0x080022d8                vQueueAddToRegistry
 .text.vQueueWaitForMessageRestricted
                0x08002328       0x58 ..\obj\queue.o
                0x08002328                vQueueWaitForMessageRestricted
 .text.pvPortMalloc
                0x08002380       0x30 ..\obj\heap_3.o
                0x08002380                pvPortMalloc
 .text.vPortFree
                0x080023b0       0x24 ..\obj\heap_3.o
                0x080023b0                vPortFree
 .text.malloc   0x080023d4       0x10 ..\..\..\..\..\..\..\Program Files (x86)\GNU Tools ARM Embedded\4.8 2013q4\arm-none-eabi\lib\armv7e-m\fpu\libg.a(lib_a-malloc.o)
                0x080023d4                malloc
 .text.free     0x080023e4       0x10 ..\..\..\..\..\..\..\Program Files (x86)\GNU Tools ARM Embedded\4.8 2013q4\arm-none-eabi\lib\armv7e-m\fpu\libg.a(lib_a-malloc.o)
                0x080023e4                free
 .text._malloc_r
                0x080023f4      0x538 ..\..\..\..\..\..\..\Program Files (x86)\GNU Tools ARM Embedded\4.8 2013q4\arm-none-eabi\lib\armv7e-m\fpu\libg.a(lib_a-mallocr.o)
                0x080023f4                _malloc_r
 .text          0x0800292c      0x134 ..\..\..\..\..\..\..\Program Files (x86)\GNU Tools ARM Embedded\4.8 2013q4\arm-none-eabi\lib\armv7e-m\fpu\libg.a(lib_a-memcpy.o)
                0x0800292c                memcpy
 .text.memset   0x08002a60       0x94 ..\..\..\..\..\..\..\Program Files (x86)\GNU Tools ARM Embedded\4.8 2013q4\arm-none-eabi\lib\armv7e-m\fpu\libg.a(lib_a-memset.o)
                0x08002a60                memset
 .text.__malloc_lock
                0x08002af4        0x4 ..\..\..\..\..\..\..\Program Files (x86)\GNU Tools ARM Embedded\4.8 2013q4\arm-none-eabi\lib\armv7e-m\fpu\libg.a(lib_a-mlock.o)
                0x08002af4                __malloc_lock
 .text.__malloc_unlock
                0x08002af8        0x4 ..\..\..\..\..\..\..\Program Files (x86)\GNU Tools ARM Embedded\4.8 2013q4\arm-none-eabi\lib\armv7e-m\fpu\libg.a(lib_a-mlock.o)
                0x08002af8                __malloc_unlock
 .text._sbrk_r  0x08002afc       0x24 ..\..\..\..\..\..\..\Program Files (x86)\GNU Tools ARM Embedded\4.8 2013q4\arm-none-eabi\lib\armv7e-m\fpu\libg.a(lib_a-sbrkr.o)
                0x08002afc                _sbrk_r
 .text._malloc_trim_r
                0x08002b20       0x9c ..\..\..\..\..\..\..\Program Files (x86)\GNU Tools ARM Embedded\4.8 2013q4\arm-none-eabi\lib\armv7e-m\fpu\libg.a(lib_a-freer.o)
                0x08002b20                _malloc_trim_r
 .text._free_r  0x08002bbc      0x19c ..\..\..\..\..\..\..\Program Files (x86)\GNU Tools ARM Embedded\4.8 2013q4\arm-none-eabi\lib\armv7e-m\fpu\libg.a(lib_a-freer.o)
                0x08002bbc                _free_r
 *(.init)
 *(.fini)
 *crtbegin.o(.ctors)
 *crtbegin?.o(.ctors)
 *(EXCLUDE_FILE(*crtend.o *crtend?.o) .ctors)
 *(SORT(.ctors.*))
 *(.ctors)
 *crtbegin.o(.dtors)
 *crtbegin?.o(.dtors)
 *(EXCLUDE_FILE(*crtend.o *crtend?.o) .dtors)
 *(SORT(.dtors.*))
 *(.dtors)
 *(.rodata*)
 .rodata        0x08002d58       0x10 ..\obj\main.o
 .rodata        0x08002d68       0x10 ..\obj\timers.o
 .rodata        0x08002d78        0x8 ..\obj\tasks.o
 .rodata.str1.4
                0x08002d80        0x4 ..\..\..\..\..\..\..\Program Files (x86)\GNU Tools ARM Embedded\4.8 2013q4\arm-none-eabi\lib\armv7e-m\fpu\libg.a(lib_a-impure.o)
 *(.eh_fram e*)

.glue_7         0x08002d84        0x0
 .glue_7        0x00000000        0x0 linker stubs

.glue_7t        0x08002d84        0x0
 .glue_7t       0x00000000        0x0 linker stubs

.vfp11_veneer   0x08002d84        0x0
 .vfp11_veneer  0x00000000        0x0 linker stubs

.v4_bx          0x08002d84        0x0
 .v4_bx         0x00000000        0x0 linker stubs

.iplt           0x08002d84        0x0
 .iplt          0x00000000        0x0 ..\obj\startup_stm32f4xx.o

.rel.dyn        0x08002d84        0x0
 .rel.iplt      0x00000000        0x0 ..\obj\startup_stm32f4xx.o

.ARM.extab
 *(.ARM.extab* .gnu.linkonce.armextab.*)
                0x08002d84                __exidx_start = .

.ARM.exidx
 *(.ARM.exidx* .gnu.linkonce.armexidx.*)
                0x08002d84                __exidx_end = .
                0x08002d84                __etext = .
                0x08002d84                _sidata = __etext

.data           0x20000000      0x844 load address 0x08002d84
                0x20000000                __data_start__ = .
                0x20000000                _sdata = __data_start__
 *(vtable)
 *(.data*)
 .data          0x20000000        0x4 ..\obj\tasks.o
 .data          0x20000004        0x4 ..\obj\port.o
 .data.__malloc_av_
                0x20000008      0x408 ..\..\..\..\..\..\..\Program Files (x86)\GNU Tools ARM Embedded\4.8 2013q4\arm-none-eabi\lib\armv7e-m\fpu\libg.a(lib_a-mallocr.o)
                0x20000008                __malloc_av_
 .data.__malloc_trim_threshold
                0x20000410        0x4 ..\..\..\..\..\..\..\Program Files (x86)\GNU Tools ARM Embedded\4.8 2013q4\arm-none-eabi\lib\armv7e-m\fpu\libg.a(lib_a-mallocr.o)
                0x20000410                __malloc_trim_threshold
 .data.__malloc_sbrk_base
                0x20000414        0x4 ..\..\..\..\..\..\..\Program Files (x86)\GNU Tools ARM Embedded\4.8 2013q4\arm-none-eabi\lib\armv7e-m\fpu\libg.a(lib_a-mallocr.o)
                0x20000414                __malloc_sbrk_base
 .data.impure_data
                0x20000418      0x428 ..\..\..\..\..\..\..\Program Files (x86)\GNU Tools ARM Embedded\4.8 2013q4\arm-none-eabi\lib\armv7e-m\fpu\libg.a(lib_a-impure.o)
 .data._impure_ptr
                0x20000840        0x4 ..\..\..\..\..\..\..\Program Files (x86)\GNU Tools ARM Embedded\4.8 2013q4\arm-none-eabi\lib\armv7e-m\fpu\libg.a(lib_a-impure.o)
                0x20000840                _impure_ptr
                0x20000844                . = ALIGN (0x4)
                0x20000844                PROVIDE (__preinit_array_start, .)
 *(.preinit_array)
                0x20000844                PROVIDE (__preinit_array_end, .)
                0x20000844                . = ALIGN (0x4)
                0x20000844                PROVIDE (__init_array_start, .)
 *(SORT(.init_array.*))
 *(.init_array)
                0x20000844                PROVIDE (__init_array_end, .)
                0x20000844                . = ALIGN (0x4)
                0x20000844                PROVIDE (__fini_array_start, .)
 *(SORT(.fini_array.*))
 *(.fini_array)
                0x20000844                PROVIDE (__fini_array_end, .)
 *(.jcr*)
                0x20000844                . = ALIGN (0x4)
                0x20000844                __data_end__ = .
                0x20000844                _edata = __data_end__

.igot.plt       0x20000844        0x0 load address 0x080035c8
 .igot.plt      0x00000000        0x0 ..\obj\startup_stm32f4xx.o

.bss            0x20000848      0x1d0 load address 0x080035d0
                0x20000848                . = ALIGN (0x4)
                0x20000848                __bss_start__ = .
                0x20000848                _sbss = __bss_start__
 *(.bss*)
 .bss           0x20000848       0x18 ..\obj\main.o
                0x20000848                u64Ticks
                0x20000850                u64IdleTicks
                0x20000858                u64IdleTicksCnt
 .bss           0x20000860       0x38 ..\obj\timers.o
 .bss           0x20000898       0xfc ..\obj\tasks.o
                0x20000898                pxCurrentTCB
 .bss           0x20000994        0x4 ..\obj\syscalls.o
 .bss           0x20000998        0x8 ..\obj\port.o
 .bss.__malloc_max_total_mem
                0x200009a0        0x4 ..\..\..\..\..\..\..\Program Files (x86)\GNU Tools ARM Embedded\4.8 2013q4\arm-none-eabi\lib\armv7e-m\fpu\libg.a(lib_a-mallocr.o)
                0x200009a0                __malloc_max_total_mem
 .bss.__malloc_max_sbrked_mem
                0x200009a4        0x4 ..\..\..\..\..\..\..\Program Files (x86)\GNU Tools ARM Embedded\4.8 2013q4\arm-none-eabi\lib\armv7e-m\fpu\libg.a(lib_a-mallocr.o)
                0x200009a4                __malloc_max_sbrked_mem
 .bss.__malloc_top_pad
                0x200009a8        0x4 ..\..\..\..\..\..\..\Program Files (x86)\GNU Tools ARM Embedded\4.8 2013q4\arm-none-eabi\lib\armv7e-m\fpu\libg.a(lib_a-mallocr.o)
                0x200009a8                __malloc_top_pad
 .bss.__malloc_current_mallinfo
                0x200009ac       0x28 ..\..\..\..\..\..\..\Program Files (x86)\GNU Tools ARM Embedded\4.8 2013q4\arm-none-eabi\lib\armv7e-m\fpu\libg.a(lib_a-mallocr.o)
                0x200009ac                __malloc_current_mallinfo
 *(COMMON)
 COMMON         0x200009d4       0x40 ..\obj\queue.o
                0x200009d4                xQueueRegistry
 COMMON         0x20000a14        0x4 ..\..\..\..\..\..\..\Program Files (x86)\GNU Tools ARM Embedded\4.8 2013q4\arm-none-eabi\lib\armv7e-m\fpu\libg.a(lib_a-reent.o)
                0x20000a14                errno
                0x20000a18                . = ALIGN (0x4)
                0x20000a18                __bss_end__ = .
                0x20000a18                _ebss = __bss_end__

.heap           0x20000a18        0x0
                0x20000a18                __end__ = .
                0x20000a18                _end = __end__
                0x20000a18                end = __end__
 *(.heap*)
                0x20000a18                __HeapLimit = .

.co_stack       0x20000a18     0x2000 load address 0x080037a0
                0x20000a18                . = ALIGN (0x8)
 *(.co_stack .co_stack.*)
 .co_stack      0x20000a18     0x2000 ..\obj\startup_stm32f4xx.o
                0x20000a18                pulStack
                0x20010000                __StackTop = (ORIGIN (ram) + 0x10000)
                0x2000e000                __StackLimit = (__StackTop - SIZEOF (.co_stack))
                0x20010000                PROVIDE (__stack, __StackTop)
                0x00000001                ASSERT ((__StackLimit >= __HeapLimit), region ram  overflowed with stack)
LOAD ..\obj\startup_stm32f4xx.o
LOAD ..\obj\main.o
LOAD ..\obj\stm32f4xx_rcc.o
LOAD ..\obj\timers.o
LOAD ..\obj\tasks.o
LOAD ..\obj\stm32f4xx_gpio.o
LOAD ..\obj\list.o
LOAD ..\obj\system_stm32f4xx.o
LOAD ..\obj\syscalls.o
LOAD ..\obj\port.o
LOAD ..\obj\queue.o
LOAD ..\obj\croutine.o
LOAD ..\obj\event_groups.o
LOAD ..\obj\stm32f4xx_tim.o
LOAD ..\obj\heap_3.o
LOAD ..\..\..\..\..\..\..\Program Files (x86)\GNU Tools ARM Embedded\4.8 2013q4\arm-none-eabi\lib\armv7e-m\fpu\libm.a
LOAD ..\..\..\..\..\..\..\Program Files (x86)\GNU Tools ARM Embedded\4.8 2013q4\arm-none-eabi\lib\armv7e-m\fpu\libg.a
START GROUP
LOAD c:/program files (x86)/gnu tools arm embedded/4.8 2013q4/bin/../lib/gcc/arm-none-eabi/4.8.3/armv7e-m/fpu\libgcc.a
LOAD ..\..\..\..\..\..\..\Program Files (x86)\GNU Tools ARM Embedded\4.8 2013q4\arm-none-eabi\lib\armv7e-m\fpu\libg.a
LOAD ..\..\..\..\..\..\..\Program Files (x86)\GNU Tools ARM Embedded\4.8 2013q4\arm-none-eabi\lib\armv7e-m\fpu\libc.a
END GROUP
OUTPUT(FRT.elf elf32-littlearm)

.debug_info     0x00000000     0x462f
 .debug_info    0x00000000       0xed ..\obj\startup_stm32f4xx.o
 .debug_info    0x000000ed      0x373 ..\obj\main.o
 .debug_info    0x00000460      0xc21 ..\obj\stm32f4xx_rcc.o
 .debug_info    0x00001081      0x7af ..\obj\timers.o
 .debug_info    0x00001830     0x11b6 ..\obj\tasks.o
 .debug_info    0x000029e6      0x5d6 ..\obj\stm32f4xx_gpio.o
 .debug_info    0x00002fbc      0x2ae ..\obj\list.o
 .debug_info    0x0000326a      0x3ee ..\obj\syscalls.o
 .debug_info    0x00003658      0x32c ..\obj\port.o
 .debug_info    0x00003984      0xba2 ..\obj\queue.o
 .debug_info    0x00004526      0x109 ..\obj\heap_3.o

.debug_abbrev   0x00000000      0xf88
 .debug_abbrev  0x00000000       0xb0 ..\obj\startup_stm32f4xx.o
 .debug_abbrev  0x000000b0      0x181 ..\obj\main.o
 .debug_abbrev  0x00000231      0x1e3 ..\obj\stm32f4xx_rcc.o
 .debug_abbrev  0x00000414      0x19e ..\obj\timers.o
 .debug_abbrev  0x000005b2      0x246 ..\obj\tasks.o
 .debug_abbrev  0x000007f8      0x1a3 ..\obj\stm32f4xx_gpio.o
 .debug_abbrev  0x0000099b       0xd6 ..\obj\list.o
 .debug_abbrev  0x00000a71       0xe2 ..\obj\syscalls.o
 .debug_abbrev  0x00000b53      0x19b ..\obj\port.o
 .debug_abbrev  0x00000cee      0x1c9 ..\obj\queue.o
 .debug_abbrev  0x00000eb7       0xd1 ..\obj\heap_3.o

.debug_aranges  0x00000000      0x6d8
 .debug_aranges
                0x00000000       0x28 ..\obj\startup_stm32f4xx.o
 .debug_aranges
                0x00000028       0x50 ..\obj\main.o
 .debug_aranges
                0x00000078      0x178 ..\obj\stm32f4xx_rcc.o
 .debug_aranges
                0x000001f0       0x88 ..\obj\timers.o
 .debug_aranges
                0x00000278      0x180 ..\obj\tasks.o
 .debug_aranges
                0x000003f8       0x88 ..\obj\stm32f4xx_gpio.o
 .debug_aranges
                0x00000480       0x40 ..\obj\list.o
 .debug_aranges
                0x000004c0       0x60 ..\obj\syscalls.o
 .debug_aranges
                0x00000520       0x98 ..\obj\port.o
 .debug_aranges
                0x000005b8       0xf8 ..\obj\queue.o
 .debug_aranges
                0x000006b0       0x28 ..\obj\heap_3.o

.debug_ranges   0x00000000      0x628
 .debug_ranges  0x00000000       0x18 ..\obj\startup_stm32f4xx.o
 .debug_ranges  0x00000018       0x40 ..\obj\main.o
 .debug_ranges  0x00000058      0x168 ..\obj\stm32f4xx_rcc.o
 .debug_ranges  0x000001c0       0x78 ..\obj\timers.o
 .debug_ranges  0x00000238      0x170 ..\obj\tasks.o
 .debug_ranges  0x000003a8       0x78 ..\obj\stm32f4xx_gpio.o
 .debug_ranges  0x00000420       0x30 ..\obj\list.o
 .debug_ranges  0x00000450       0x50 ..\obj\syscalls.o
 .debug_ranges  0x000004a0       0x88 ..\obj\port.o
 .debug_ranges  0x00000528       0xe8 ..\obj\queue.o
 .debug_ranges  0x00000610       0x18 ..\obj\heap_3.o

.debug_line     0x00000000     0x26df
 .debug_line    0x00000000       0x98 ..\obj\startup_stm32f4xx.o
 .debug_line    0x00000098      0x242 ..\obj\main.o
 .debug_line    0x000002da      0x516 ..\obj\stm32f4xx_rcc.o
 .debug_line    0x000007f0      0x368 ..\obj\timers.o
 .debug_line    0x00000b58      0x9fb ..\obj\tasks.o
 .debug_line    0x00001553      0x2bb ..\obj\stm32f4xx_gpio.o
 .debug_line    0x0000180e      0x1e4 ..\obj\list.o
 .debug_line    0x000019f2      0x169 ..\obj\syscalls.o
 .debug_line    0x00001b5b      0x2c4 ..\obj\port.o
 .debug_line    0x00001e1f      0x73d ..\obj\queue.o
 .debug_line    0x0000255c      0x183 ..\obj\heap_3.o

.debug_str      0x00000000     0x23ae
 .debug_str     0x00000000      0x14e ..\obj\startup_stm32f4xx.o
                                0x160 (size before relaxing)
 .debug_str     0x0000014e      0x2e7 ..\obj\main.o
                                0x3d7 (size before relaxing)
 .debug_str     0x00000435      0x6a3 ..\obj\stm32f4xx_rcc.o
                                0x83f (size before relaxing)
 .debug_str     0x00000ad8      0x47d ..\obj\timers.o
                                0x640 (size before relaxing)
 .debug_str     0x00000f55      0x95f ..\obj\tasks.o
                                0xbdc (size before relaxing)
 .debug_str     0x000018b4      0x199 ..\obj\stm32f4xx_gpio.o
                                0x492 (size before relaxing)
 .debug_str     0x00001a4d       0xbb ..\obj\list.o
                                0x2bc (size before relaxing)
 .debug_str     0x00001b08      0x185 ..\obj\syscalls.o
                                0x2dd (size before relaxing)
 .debug_str     0x00001c8d      0x24d ..\obj\port.o
                                0x3fb (size before relaxing)
 .debug_str     0x00001eda      0x467 ..\obj\queue.o
                                0x73b (size before relaxing)
 .debug_str     0x00002341       0x6d ..\obj\heap_3.o
                                0x1d7 (size before relaxing)

.comment        0x00000000       0x70
 .comment       0x00000000       0x70 ..\obj\startup_stm32f4xx.o
                                 0x71 (size before relaxing)
 .comment       0x00000000       0x71 ..\obj\main.o
 .comment       0x00000000       0x71 ..\obj\stm32f4xx_rcc.o
 .comment       0x00000000       0x71 ..\obj\timers.o
 .comment       0x00000000       0x71 ..\obj\tasks.o
 .comment       0x00000000       0x71 ..\obj\stm32f4xx_gpio.o
 .comment       0x00000000       0x71 ..\obj\list.o
 .comment       0x00000000       0x71 ..\obj\syscalls.o
 .comment       0x00000000       0x71 ..\obj\port.o
 .comment       0x00000000       0x71 ..\obj\queue.o
 .comment       0x00000000       0x71 ..\obj\heap_3.o

.ARM.attributes
                0x00000000       0x37
 .ARM.attributes
                0x00000000       0x39 ..\obj\startup_stm32f4xx.o
 .ARM.attributes
                0x00000039       0x39 ..\obj\main.o
 .ARM.attributes
                0x00000072       0x39 ..\obj\stm32f4xx_rcc.o
 .ARM.attributes
                0x000000ab       0x39 ..\obj\timers.o
 .ARM.attributes
                0x000000e4       0x39 ..\obj\tasks.o
 .ARM.attributes
                0x0000011d       0x39 ..\obj\stm32f4xx_gpio.o
 .ARM.attributes
                0x00000156       0x39 ..\obj\list.o
 .ARM.attributes
                0x0000018f       0x39 ..\obj\syscalls.o
 .ARM.attributes
                0x000001c8       0x39 ..\obj\port.o
 .ARM.attributes
                0x00000201       0x39 ..\obj\queue.o
 .ARM.attributes
                0x0000023a       0x39 ..\obj\heap_3.o
 .ARM.attributes
                0x00000273       0x34 ..\..\..\..\..\..\..\Program Files (x86)\GNU Tools ARM Embedded\4.8 2013q4\arm-none-eabi\lib\armv7e-m\fpu\libg.a(lib_a-malloc.o)
 .ARM.attributes
                0x000002a7       0x34 ..\..\..\..\..\..\..\Program Files (x86)\GNU Tools ARM Embedded\4.8 2013q4\arm-none-eabi\lib\armv7e-m\fpu\libg.a(lib_a-mallocr.o)
 .ARM.attributes
                0x000002db       0x20 ..\..\..\..\..\..\..\Program Files (x86)\GNU Tools ARM Embedded\4.8 2013q4\arm-none-eabi\lib\armv7e-m\fpu\libg.a(lib_a-memcpy.o)
 .ARM.attributes
                0x000002fb       0x34 ..\..\..\..\..\..\..\Program Files (x86)\GNU Tools ARM Embedded\4.8 2013q4\arm-none-eabi\lib\armv7e-m\fpu\libg.a(lib_a-memset.o)
 .ARM.attributes
                0x0000032f       0x34 ..\..\..\..\..\..\..\Program Files (x86)\GNU Tools ARM Embedded\4.8 2013q4\arm-none-eabi\lib\armv7e-m\fpu\libg.a(lib_a-mlock.o)
 .ARM.attributes
                0x00000363       0x34 ..\..\..\..\..\..\..\Program Files (x86)\GNU Tools ARM Embedded\4.8 2013q4\arm-none-eabi\lib\armv7e-m\fpu\libg.a(lib_a-sbrkr.o)
 .ARM.attributes
                0x00000397       0x34 ..\..\..\..\..\..\..\Program Files (x86)\GNU Tools ARM Embedded\4.8 2013q4\arm-none-eabi\lib\armv7e-m\fpu\libg.a(lib_a-freer.o)
 .ARM.attributes
                0x000003cb       0x34 ..\..\..\..\..\..\..\Program Files (x86)\GNU Tools ARM Embedded\4.8 2013q4\arm-none-eabi\lib\armv7e-m\fpu\libg.a(lib_a-impure.o)
 .ARM.attributes
                0x000003ff       0x34 ..\..\..\..\..\..\..\Program Files (x86)\GNU Tools ARM Embedded\4.8 2013q4\arm-none-eabi\lib\armv7e-m\fpu\libg.a(lib_a-reent.o)

.debug_frame    0x00000000     0x1754
 .debug_frame   0x00000000       0x48 ..\obj\startup_stm32f4xx.o
 .debug_frame   0x00000048       0xdc ..\obj\main.o
 .debug_frame   0x00000124      0x4d8 ..\obj\stm32f4xx_rcc.o
 .debug_frame   0x000005fc      0x1c4 ..\obj\timers.o
 .debug_frame   0x000007c0      0x578 ..\obj\tasks.o
 .debug_frame   0x00000d38      0x19c ..\obj\stm32f4xx_gpio.o
 .debug_frame   0x00000ed4       0x9c ..\obj\list.o
 .debug_frame   0x00000f70      0x108 ..\obj\syscalls.o
 .debug_frame   0x00001078      0x188 ..\obj\port.o
 .debug_frame   0x00001200      0x37c ..\obj\queue.o
 .debug_frame   0x0000157c       0x50 ..\obj\heap_3.o
 .debug_frame   0x000015cc       0x30 ..\..\..\..\..\..\..\Program Files (x86)\GNU Tools ARM Embedded\4.8 2013q4\arm-none-eabi\lib\armv7e-m\fpu\libg.a(lib_a-malloc.o)
 .debug_frame   0x000015fc       0x38 ..\..\..\..\..\..\..\Program Files (x86)\GNU Tools ARM Embedded\4.8 2013q4\arm-none-eabi\lib\armv7e-m\fpu\libg.a(lib_a-mallocr.o)
 .debug_frame   0x00001634       0x2c ..\..\..\..\..\..\..\Program Files (x86)\GNU Tools ARM Embedded\4.8 2013q4\arm-none-eabi\lib\armv7e-m\fpu\libg.a(lib_a-memset.o)
 .debug_frame   0x00001660       0x30 ..\..\..\..\..\..\..\Program Files (x86)\GNU Tools ARM Embedded\4.8 2013q4\arm-none-eabi\lib\armv7e-m\fpu\libg.a(lib_a-mlock.o)
 .debug_frame   0x00001690       0x2c ..\..\..\..\..\..\..\Program Files (x86)\GNU Tools ARM Embedded\4.8 2013q4\arm-none-eabi\lib\armv7e-m\fpu\libg.a(lib_a-sbrkr.o)
 .debug_frame   0x000016bc       0x50 ..\..\..\..\..\..\..\Program Files (x86)\GNU Tools ARM Embedded\4.8 2013q4\arm-none-eabi\lib\armv7e-m\fpu\libg.a(lib_a-freer.o)
 .debug_frame   0x0000170c       0x48 ..\..\..\..\..\..\..\Program Files (x86)\GNU Tools ARM Embedded\4.8 2013q4\arm-none-eabi\lib\armv7e-m\fpu\libg.a(lib_a-reent.o)
